Archive member included to satisfy reference by file (symbol)

/home/lodge/Allwinner-H616/brandy/brandy-2.0/tools/toolchain/gcc-linaro-7.2.1-2017.11-x86_64_arm-linux-gnueabi/bin/../lib/gcc/arm-linux-gnueabi/7.2.1/libgcc.a(_udivsi3.o)
                              /home/lodge/Allwinner-H616/brandy/brandy-2.0/spl-pub/board/sun50iw9p1/libsun50iw9p1_sboot.a (__aeabi_uidiv)
/home/lodge/Allwinner-H616/brandy/brandy-2.0/tools/toolchain/gcc-linaro-7.2.1-2017.11-x86_64_arm-linux-gnueabi/bin/../lib/gcc/arm-linux-gnueabi/7.2.1/libgcc.a(_divsi3.o)
                              /home/lodge/Allwinner-H616/brandy/brandy-2.0/spl-pub/board/sun50iw9p1/libsun50iw9p1_sboot.a (__aeabi_idiv)
/home/lodge/Allwinner-H616/brandy/brandy-2.0/tools/toolchain/gcc-linaro-7.2.1-2017.11-x86_64_arm-linux-gnueabi/bin/../lib/gcc/arm-linux-gnueabi/7.2.1/libgcc.a(_aeabi_uldivmod.o)
                              /home/lodge/Allwinner-H616/brandy/brandy-2.0/spl-pub/board/sun50iw9p1/libsun50iw9p1_sboot.a (__aeabi_uldivmod)
/home/lodge/Allwinner-H616/brandy/brandy-2.0/tools/toolchain/gcc-linaro-7.2.1-2017.11-x86_64_arm-linux-gnueabi/bin/../lib/gcc/arm-linux-gnueabi/7.2.1/libgcc.a(_dvmd_lnx.o)
                              /home/lodge/Allwinner-H616/brandy/brandy-2.0/tools/toolchain/gcc-linaro-7.2.1-2017.11-x86_64_arm-linux-gnueabi/bin/../lib/gcc/arm-linux-gnueabi/7.2.1/libgcc.a(_aeabi_uldivmod.o) (__aeabi_ldiv0)
/home/lodge/Allwinner-H616/brandy/brandy-2.0/tools/toolchain/gcc-linaro-7.2.1-2017.11-x86_64_arm-linux-gnueabi/bin/../lib/gcc/arm-linux-gnueabi/7.2.1/libgcc.a(_udivmoddi4.o)
                              /home/lodge/Allwinner-H616/brandy/brandy-2.0/tools/toolchain/gcc-linaro-7.2.1-2017.11-x86_64_arm-linux-gnueabi/bin/../lib/gcc/arm-linux-gnueabi/7.2.1/libgcc.a(_aeabi_uldivmod.o) (__udivmoddi4)

Discarded input sections

 .text.__msdelay
                0x0000000000000000        0x4 /home/lodge/Allwinner-H616/brandy/brandy-2.0/spl-pub/board/sun50iw9p1/libsun50iw9p1_sboot.a
 .text.timer_init
                0x0000000000000000        0x4 /home/lodge/Allwinner-H616/brandy/brandy-2.0/spl-pub/board/sun50iw9p1/libsun50iw9p1_sboot.a
 .text.sdelay   0x0000000000000000        0x6 /home/lodge/Allwinner-H616/brandy/brandy-2.0/spl-pub/board/sun50iw9p1/libsun50iw9p1_sboot.a
 .text.timer_exit
                0x0000000000000000        0x2 /home/lodge/Allwinner-H616/brandy/brandy-2.0/spl-pub/board/sun50iw9p1/libsun50iw9p1_sboot.a
 .text.enable_smp
                0x0000000000000000        0xe /home/lodge/Allwinner-H616/brandy/brandy-2.0/spl-pub/board/sun50iw9p1/libsun50iw9p1_sboot.a
 .text.boot0_jmp_optee
                0x0000000000000000        0xc /home/lodge/Allwinner-H616/brandy/brandy-2.0/spl-pub/board/sun50iw9p1/libsun50iw9p1_sboot.a
 .text.sunxi_deassert_arisc
                0x0000000000000000       0x3c /home/lodge/Allwinner-H616/brandy/brandy-2.0/spl-pub/board/sun50iw9p1/libsun50iw9p1_sboot.a
 .text.sunxi_clock_exit_key
                0x0000000000000000       0x14 /home/lodge/Allwinner-H616/brandy/brandy-2.0/spl-pub/board/sun50iw9p1/libsun50iw9p1_sboot.a
 .text.strncpy  0x0000000000000000       0x18 /home/lodge/Allwinner-H616/brandy/brandy-2.0/spl-pub/board/sun50iw9p1/libsun50iw9p1_sboot.a
 .text.strncat  0x0000000000000000       0x28 /home/lodge/Allwinner-H616/brandy/brandy-2.0/spl-pub/board/sun50iw9p1/libsun50iw9p1_sboot.a
 .text.strchr   0x0000000000000000       0x18 /home/lodge/Allwinner-H616/brandy/brandy-2.0/spl-pub/board/sun50iw9p1/libsun50iw9p1_sboot.a
 .text.strrchr  0x0000000000000000       0x20 /home/lodge/Allwinner-H616/brandy/brandy-2.0/spl-pub/board/sun50iw9p1/libsun50iw9p1_sboot.a
 .text.strnlen  0x0000000000000000       0x18 /home/lodge/Allwinner-H616/brandy/brandy-2.0/spl-pub/board/sun50iw9p1/libsun50iw9p1_sboot.a
 .text.strspn   0x0000000000000000       0x20 /home/lodge/Allwinner-H616/brandy/brandy-2.0/spl-pub/board/sun50iw9p1/libsun50iw9p1_sboot.a
 .text.memscan  0x0000000000000000       0x16 /home/lodge/Allwinner-H616/brandy/brandy-2.0/spl-pub/board/sun50iw9p1/libsun50iw9p1_sboot.a
 .text.strstr   0x0000000000000000       0x40 /home/lodge/Allwinner-H616/brandy/brandy-2.0/spl-pub/board/sun50iw9p1/libsun50iw9p1_sboot.a
 .text.vprintf  0x0000000000000000       0x1c /home/lodge/Allwinner-H616/brandy/brandy-2.0/spl-pub/board/sun50iw9p1/libsun50iw9p1_sboot.a
 .text.print_sys_tick
                0x0000000000000000       0x18 /home/lodge/Allwinner-H616/brandy/brandy-2.0/spl-pub/board/sun50iw9p1/libsun50iw9p1_sboot.a
 .text.__aeabi_unwind_cpp_pr0
                0x0000000000000000        0x2 /home/lodge/Allwinner-H616/brandy/brandy-2.0/spl-pub/board/sun50iw9p1/libsun50iw9p1_sboot.a
 .text.sunxi_get_iobase
                0x0000000000000000        0x2 /home/lodge/Allwinner-H616/brandy/brandy-2.0/spl-pub/board/sun50iw9p1/libsun50iw9p1_sboot.a
 .text.sunxi_get_lw32_addr
                0x0000000000000000        0x2 /home/lodge/Allwinner-H616/brandy/brandy-2.0/spl-pub/board/sun50iw9p1/libsun50iw9p1_sboot.a
 .text.u8_to_string_hex
[...]
Memory Configuration

Name             Origin             Length             Attributes
*default*        0x0000000000000000 0xffffffffffffffff

Linker script and memory map

LOAD /home/lodge/Allwinner-H616/brandy/brandy-2.0/spl-pub/board/sun50iw9p1/libsun50iw9p1_sboot.a
LOAD /home/lodge/Allwinner-H616/brandy/brandy-2.0/spl-pub/sboot/main/sboot_main.o
LOAD /home/lodge/Allwinner-H616/brandy/brandy-2.0/tools/toolchain/gcc-linaro-7.2.1-2017.11-x86_64_arm-linux-gnueabi/bin/../lib/gcc/arm-linux-gnueabi/7.2.1/libgcc.a
                0x0000000000020480                . = 0x20480
                0x0000000000020480                . = ALIGN (0x4)

.head           0x0000000000020480     0x1030
 main/sboot_head.o(.rodata)
 .rodata        0x0000000000020480     0x1030 main/sboot_head.o
                0x0000000000020480                sboot_head

.text           0x00000000000214b0      0xd84
 /home/lodge/Allwinner-H616/brandy/brandy-2.0/spl-pub/arch/arm/cpu/armv7/sboot_entry.o(.text)
 .text          0x00000000000214b0       0xb0 /home/lodge/Allwinner-H616/brandy/brandy-2.0/spl-pub/arch/arm/cpu/armv7/sboot_entry.o
                0x00000000000214b0                _start
 *(.text)
 .text          0x0000000000021560      0x7a0 /home/lodge/Allwinner-H616/brandy/brandy-2.0/spl-pub/board/sun50iw9p1/libsun50iw9p1_sboot.a
                0x0000000000021560                __v7_flush_dcache_all
                0x00000000000215fc                v7_flush_dcache_all
                0x0000000000021628                memset0
                0x00000000000216e0                memcpy0
                0x0000000000021a90                switch_2_secure0
                0x0000000000021a98                switch_2_nonsecure0
                0x0000000000021aa0                dst_mctl_random_write0
                0x0000000000021b34                dst_neon_init0
                0x0000000000021b54                dst_mctl_neon_cmp0
                0x0000000000021bac                dst_mctl_neon_write0
                0x0000000000021c2c                dst_mctl_neon_write_2data0
                0x0000000000021ca8                dst_mctl_neon_copy0
 .text          0x0000000000021d00      0x278 /home/lodge/Allwinner-H616/brandy/brandy-2.0/tools/toolchain/gcc-linaro-7.2.1-2017.11-x86_64_arm-linux-gnueabi/bin/../lib/gcc/arm-linux-gnueabi/7.2.1/libgcc.a(_udivsi3.o)
                0x0000000000021d00                __udivsi3
                0x0000000000021d00                __aeabi_uidiv
                0x0000000000021f5c                __aeabi_uidivmod
 .text          0x0000000000021f78      0x2b0 /home/lodge/Allwinner-H616/brandy/brandy-2.0/tools/toolchain/gcc-linaro-7.2.1-2017.11-x86_64_arm-linux-gnueabi/bin/../lib/gcc/arm-linux-gnueabi/7.2.1/libgcc.a(_divsi3.o)
                0x0000000000021f78                __aeabi_idiv
                0x0000000000021f78                __divsi3
                0x000000000002220c                __aeabi_idivmod
 .text          0x0000000000022228        0xc /home/lodge/Allwinner-H616/brandy/brandy-2.0/tools/toolchain/gcc-linaro-7.2.1-2017.11-x86_64_arm-linux-gnueabi/bin/../lib/gcc/arm-linux-gnueabi/7.2.1/libgcc.a(_dvmd_lnx.o)
                0x0000000000022228                __aeabi_ldiv0
                0x0000000000022228                __aeabi_idiv0

.glue_7         0x0000000000022234        0x0
 .glue_7        0x0000000000022234        0x0 linker stubs

.glue_7t        0x0000000000022234        0x0
 .glue_7t       0x0000000000022234        0x0 linker stubs

.vfp11_veneer   0x0000000000022234        0x0
 .vfp11_veneer  0x0000000000022234        0x0 linker stubs

.v4_bx          0x0000000000022234        0x0
 .v4_bx         0x0000000000022234        0x0 linker stubs

.text.get_sys_ticks
                0x0000000000022234       0x14
 .text.get_sys_ticks
                0x0000000000022234       0x14 /home/lodge/Allwinner-H616/brandy/brandy-2.0/spl-pub/board/sun50iw9p1/libsun50iw9p1_sboot.a
                0x0000000000022234                get_sys_ticks

.text.timer_get_us
                0x0000000000022248       0x14
 .text.timer_get_us
                0x0000000000022248       0x14 /home/lodge/Allwinner-H616/brandy/brandy-2.0/spl-pub/board/sun50iw9p1/libsun50iw9p1_sboot.a
                0x0000000000022248                timer_get_us

.text.udelay    0x000000000002225c       0x24
 .text.udelay   0x000000000002225c       0x24 /home/lodge/Allwinner-H616/brandy/brandy-2.0/spl-pub/board/sun50iw9p1/libsun50iw9p1_sboot.a
                0x000000000002225c                udelay

.text.mdelay    0x0000000000022280        0xa
 .text.mdelay   0x0000000000022280        0xa /home/lodge/Allwinner-H616/brandy/brandy-2.0/spl-pub/board/sun50iw9p1/libsun50iw9p1_sboot.a
                0x0000000000022280                mdelay

.text.__usdelay
                0x000000000002228a        0x4
 .text.__usdelay
                0x000000000002228a        0x4 /home/lodge/Allwinner-H616/brandy/brandy-2.0/spl-pub/board/sun50iw9p1/libsun50iw9p1_sboot.a
                0x000000000002228a                __usdelay

.text.mmu_enable
                0x000000000002228e       0x8c
 .text.mmu_enable
                0x000000000002228e       0x8c /home/lodge/Allwinner-H616/brandy/brandy-2.0/spl-pub/board/sun50iw9p1/libsun50iw9p1_sboot.a
                0x000000000002228e                mmu_enable

.text.mmu_disable
                0x000000000002231a       0x30
 .text.mmu_disable
                0x000000000002231a       0x30 /home/lodge/Allwinner-H616/brandy/brandy-2.0/spl-pub/board/sun50iw9p1/libsun50iw9p1_sboot.a
                0x000000000002231a                mmu_disable

.text.neon_enable
                0x000000000002234a       0x1e
 .text.neon_enable
                0x000000000002234a       0x1e /home/lodge/Allwinner-H616/brandy/brandy-2.0/spl-pub/board/sun50iw9p1/libsun50iw9p1_sboot.a
                0x000000000002234a                neon_enable

.text.boot0_jmp
                0x0000000000022368        0xc
 .text.boot0_jmp
                0x0000000000022368        0xc /home/lodge/Allwinner-H616/brandy/brandy-2.0/spl-pub/board/sun50iw9p1/libsun50iw9p1_sboot.a
                0x0000000000022368                boot0_jmp

.text.boot0_jmp_monitor
                0x0000000000022374       0x58
 .text.boot0_jmp_monitor
                0x0000000000022374       0x58 /home/lodge/Allwinner-H616/brandy/brandy-2.0/spl-pub/board/sun50iw9p1/libsun50iw9p1_sboot.a
                0x0000000000022374                boot0_jmp_monitor

.text.set_cpu_down
                0x00000000000223cc       0x44
 .text.set_cpu_down
                0x00000000000223cc       0x44 /home/lodge/Allwinner-H616/brandy/brandy-2.0/spl-pub/board/sun50iw9p1/libsun50iw9p1_sboot.a

.text.sunxi_board_init
                0x0000000000022410       0x78
 .text.sunxi_board_init
                0x0000000000022410       0x78 /home/lodge/Allwinner-H616/brandy/brandy-2.0/spl-pub/board/sun50iw9p1/libsun50iw9p1_sboot.a
                0x0000000000022410                sunxi_board_init

.text.sunxi_board_exit
                0x0000000000022488        0x4
 .text.sunxi_board_exit
                0x0000000000022488        0x4 /home/lodge/Allwinner-H616/brandy/brandy-2.0/spl-pub/board/sun50iw9p1/libsun50iw9p1_sboot.a
                0x0000000000022488                sunxi_board_exit

.text.sunxi_key_provision
                0x000000000002248c       0x50
 .text.sunxi_key_provision
                0x000000000002248c       0x50 /home/lodge/Allwinner-H616/brandy/brandy-2.0/spl-pub/board/sun50iw9p1/libsun50iw9p1_sboot.a
                0x000000000002248c                sunxi_key_provision

.text.sunxi_board_late_init
                0x00000000000224dc        0xe
 .text.sunxi_board_late_init
                0x00000000000224dc        0xe /home/lodge/Allwinner-H616/brandy/brandy-2.0/spl-pub/board/sun50iw9p1/libsun50iw9p1_sboot.a
                0x00000000000224dc                sunxi_board_late_init

.text.sunxi_board_pll_init
                0x00000000000224ec      0x26c
 .text.sunxi_board_pll_init
                0x00000000000224ec      0x26c /home/lodge/Allwinner-H616/brandy/brandy-2.0/spl-pub/board/sun50iw9p1/libsun50iw9p1_sboot.a
                0x00000000000224ec                sunxi_board_pll_init

.text.sunxi_board_clock_reset
                0x0000000000022758       0x28
 .text.sunxi_board_clock_reset
                0x0000000000022758       0x28 /home/lodge/Allwinner-H616/brandy/brandy-2.0/spl-pub/board/sun50iw9p1/libsun50iw9p1_sboot.a
                0x0000000000022758                sunxi_board_clock_reset

.text.sunxi_clock_init_key
                0x0000000000022780       0x28
 .text.sunxi_clock_init_key
                0x0000000000022780       0x28 /home/lodge/Allwinner-H616/brandy/brandy-2.0/spl-pub/board/sun50iw9p1/libsun50iw9p1_sboot.a
                0x0000000000022780                sunxi_clock_init_key

.text.sunxi_clock_init_gpadc
                0x00000000000227a8        0x4
 .text.sunxi_clock_init_gpadc
                0x00000000000227a8        0x4 /home/lodge/Allwinner-H616/brandy/brandy-2.0/spl-pub/board/sun50iw9p1/libsun50iw9p1_sboot.a
                0x00000000000227a8                sunxi_clock_init_gpadc

.text.sunxi_clock_init_uart
                0x00000000000227ac       0x30
 .text.sunxi_clock_init_uart
                0x00000000000227ac       0x30 /home/lodge/Allwinner-H616/brandy/brandy-2.0/spl-pub/board/sun50iw9p1/libsun50iw9p1_sboot.a
                0x00000000000227ac                sunxi_clock_init_uart

.text.strcpy    0x00000000000227dc       0x10
 .text.strcpy   0x00000000000227dc       0x10 /home/lodge/Allwinner-H616/brandy/brandy-2.0/spl-pub/board/sun50iw9p1/libsun50iw9p1_sboot.a
                0x00000000000227dc                strcpy

.text.strcat    0x00000000000227ec       0x1e
 .text.strcat   0x00000000000227ec       0x1e /home/lodge/Allwinner-H616/brandy/brandy-2.0/spl-pub/board/sun50iw9p1/libsun50iw9p1_sboot.a
                0x00000000000227ec                strcat

.text.strcmp    0x000000000002280a       0x16
 .text.strcmp   0x000000000002280a       0x16 /home/lodge/Allwinner-H616/brandy/brandy-2.0/spl-pub/board/sun50iw9p1/libsun50iw9p1_sboot.a
                0x000000000002280a                strcmp

.text.strncmp   0x0000000000022820       0x22
 .text.strncmp  0x0000000000022820       0x22 /home/lodge/Allwinner-H616/brandy/brandy-2.0/spl-pub/board/sun50iw9p1/libsun50iw9p1_sboot.a
                0x0000000000022820                strncmp

.text.strlen    0x0000000000022842       0x10
 .text.strlen   0x0000000000022842       0x10 /home/lodge/Allwinner-H616/brandy/brandy-2.0/spl-pub/board/sun50iw9p1/libsun50iw9p1_sboot.a
                0x0000000000022842                strlen

.text.memset    0x0000000000022854        0xc
 .text.memset   0x0000000000022854        0xc /home/lodge/Allwinner-H616/brandy/brandy-2.0/spl-pub/board/sun50iw9p1/libsun50iw9p1_sboot.a
                0x0000000000022854                memset

.text.memcpy    0x0000000000022860        0xc
 .text.memcpy   0x0000000000022860        0xc /home/lodge/Allwinner-H616/brandy/brandy-2.0/spl-pub/board/sun50iw9p1/libsun50iw9p1_sboot.a
                0x0000000000022860                memcpy

.text.memcmp    0x000000000002286c       0x1e
 .text.memcmp   0x000000000002286c       0x1e /home/lodge/Allwinner-H616/brandy/brandy-2.0/spl-pub/board/sun50iw9p1/libsun50iw9p1_sboot.a
                0x000000000002286c                memcmp

.text.memchr    0x000000000002288a       0x1c
 .text.memchr   0x000000000002288a       0x1c /home/lodge/Allwinner-H616/brandy/brandy-2.0/spl-pub/board/sun50iw9p1/libsun50iw9p1_sboot.a
                0x000000000002288a                memchr

.text.putc_outstr
                0x00000000000228a6        0xa
 .text.putc_outstr
                0x00000000000228a6        0xa /home/lodge/Allwinner-H616/brandy/brandy-2.0/spl-pub/board/sun50iw9p1/libsun50iw9p1_sboot.a

.text.putc_normal
                0x00000000000228b0        0x6
 .text.putc_normal
                0x00000000000228b0        0x6 /home/lodge/Allwinner-H616/brandy/brandy-2.0/spl-pub/board/sun50iw9p1/libsun50iw9p1_sboot.a

.text.div_out   0x00000000000228b6       0x32
 .text.div_out  0x00000000000228b6       0x32 /home/lodge/Allwinner-H616/brandy/brandy-2.0/spl-pub/board/sun50iw9p1/libsun50iw9p1_sboot.a

.text._vprintf  0x00000000000228e8      0x1e4
 .text._vprintf
                0x00000000000228e8      0x1e4 /home/lodge/Allwinner-H616/brandy/brandy-2.0/spl-pub/board/sun50iw9p1/libsun50iw9p1_sboot.a

.text.sprintf   0x0000000000022acc       0x2c
 .text.sprintf  0x0000000000022acc       0x2c /home/lodge/Allwinner-H616/brandy/brandy-2.0/spl-pub/board/sun50iw9p1/libsun50iw9p1_sboot.a
                0x0000000000022acc                sprintf

.text.printf    0x0000000000022af8       0x58
 .text.printf   0x0000000000022af8       0x58 /home/lodge/Allwinner-H616/brandy/brandy-2.0/spl-pub/board/sun50iw9p1/libsun50iw9p1_sboot.a
                0x0000000000022af8                printf

.text.snprintf  0x0000000000022b50       0x2c
 .text.snprintf
                0x0000000000022b50       0x2c /home/lodge/Allwinner-H616/brandy/brandy-2.0/spl-pub/board/sun50iw9p1/libsun50iw9p1_sboot.a
                0x0000000000022b50                snprintf

.text.verify_addsum
                0x0000000000022b7c       0x60
 .text.verify_addsum
                0x0000000000022b7c       0x60 /home/lodge/Allwinner-H616/brandy/brandy-2.0/spl-pub/board/sun50iw9p1/libsun50iw9p1_sboot.a
                0x0000000000022b7c                verify_addsum

.text.g_mod     0x0000000000022bdc       0x22
 .text.g_mod    0x0000000000022bdc       0x22 /home/lodge/Allwinner-H616/brandy/brandy-2.0/spl-pub/board/sun50iw9p1/libsun50iw9p1_sboot.a
                0x0000000000022bdc                g_mod

.text.get_page_buf
                0x0000000000022c00        0x8
 .text.get_page_buf
                0x0000000000022c00        0x8 /home/lodge/Allwinner-H616/brandy/brandy-2.0/spl-pub/board/sun50iw9p1/libsun50iw9p1_sboot.a
                0x0000000000022c00                get_page_buf

.text.get_uart_input
                0x0000000000022c08       0x24
 .text.get_uart_input
                0x0000000000022c08       0x24 /home/lodge/Allwinner-H616/brandy/brandy-2.0/spl-pub/board/sun50iw9p1/libsun50iw9p1_sboot.a
                0x0000000000022c08                get_uart_input

.text.set_uboot_func_mask
                0x0000000000022c2c       0x10
 .text.set_uboot_func_mask
                0x0000000000022c2c       0x10 /home/lodge/Allwinner-H616/brandy/brandy-2.0/spl-pub/board/sun50iw9p1/libsun50iw9p1_sboot.a
                0x0000000000022c2c                set_uboot_func_mask

.text.get_uboot_func_mask
                0x0000000000022c3c        0xc
 .text.get_uboot_func_mask
                0x0000000000022c3c        0xc /home/lodge/Allwinner-H616/brandy/brandy-2.0/spl-pub/board/sun50iw9p1/libsun50iw9p1_sboot.a
                0x0000000000022c3c                get_uboot_func_mask

.text.raise     0x0000000000022c48        0x4
 .text.raise    0x0000000000022c48        0x4 /home/lodge/Allwinner-H616/brandy/brandy-2.0/spl-pub/board/sun50iw9p1/libsun50iw9p1_sboot.a
                0x0000000000022c48                raise

.text.malloc_init
                0x0000000000022c4c       0x1c
 .text.malloc_init
                0x0000000000022c4c       0x1c /home/lodge/Allwinner-H616/brandy/brandy-2.0/spl-pub/board/sun50iw9p1/libsun50iw9p1_sboot.a
                0x0000000000022c4c                malloc_init

.text.malloc    0x0000000000022c68       0x4c
 .text.malloc   0x0000000000022c68       0x4c /home/lodge/Allwinner-H616/brandy/brandy-2.0/spl-pub/board/sun50iw9p1/libsun50iw9p1_sboot.a
                0x0000000000022c68                malloc

.text.realloc   0x0000000000022cb4       0x6c
 .text.realloc  0x0000000000022cb4       0x6c /home/lodge/Allwinner-H616/brandy/brandy-2.0/spl-pub/board/sun50iw9p1/libsun50iw9p1_sboot.a
                0x0000000000022cb4                realloc

.text.free      0x0000000000022d20       0x20
 .text.free     0x0000000000022d20       0x20 /home/lodge/Allwinner-H616/brandy/brandy-2.0/spl-pub/board/sun50iw9p1/libsun50iw9p1_sboot.a
                0x0000000000022d20                free

.text.ndump     0x0000000000022d40       0x6c
 .text.ndump    0x0000000000022d40       0x6c /home/lodge/Allwinner-H616/brandy/brandy-2.0/spl-pub/board/sun50iw9p1/libsun50iw9p1_sboot.a
                0x0000000000022d40                ndump

.text.sunxi_serial_init
                0x0000000000022dac       0x48
 .text.sunxi_serial_init
                0x0000000000022dac       0x48 /home/lodge/Allwinner-H616/brandy/brandy-2.0/spl-pub/board/sun50iw9p1/libsun50iw9p1_sboot.a
                0x0000000000022dac                sunxi_serial_init

.text.sunxi_serial_putc
                0x0000000000022df4       0x14
 .text.sunxi_serial_putc
                0x0000000000022df4       0x14 /home/lodge/Allwinner-H616/brandy/brandy-2.0/spl-pub/board/sun50iw9p1/libsun50iw9p1_sboot.a
                0x0000000000022df4                sunxi_serial_putc

.text.sunxi_serial_getc
                0x0000000000022e08       0x14
 .text.sunxi_serial_getc
                0x0000000000022e08       0x14 /home/lodge/Allwinner-H616/brandy/brandy-2.0/spl-pub/board/sun50iw9p1/libsun50iw9p1_sboot.a
                0x0000000000022e08                sunxi_serial_getc

.text.sunxi_serial_tstc
                0x0000000000022e1c       0x10
 .text.sunxi_serial_tstc
                0x0000000000022e1c       0x10 /home/lodge/Allwinner-H616/brandy/brandy-2.0/spl-pub/board/sun50iw9p1/libsun50iw9p1_sboot.a
                0x0000000000022e1c                sunxi_serial_tstc

.text.boot_set_gpio
                0x0000000000022e2c      0x288
 .text.boot_set_gpio
                0x0000000000022e2c      0x288 /home/lodge/Allwinner-H616/brandy/brandy-2.0/spl-pub/board/sun50iw9p1/libsun50iw9p1_sboot.a
                0x0000000000022e2c                boot_set_gpio

.text.rtc_read_data
                0x00000000000230b4        0xc
 .text.rtc_read_data
                0x00000000000230b4        0xc /home/lodge/Allwinner-H616/brandy/brandy-2.0/spl-pub/board/sun50iw9p1/libsun50iw9p1_sboot.a
                0x00000000000230b4                rtc_read_data

.text.rtc_probe_fel_flag
                0x00000000000230c0       0x74
 .text.rtc_probe_fel_flag
                0x00000000000230c0       0x74 /home/lodge/Allwinner-H616/brandy/brandy-2.0/spl-pub/board/sun50iw9p1/libsun50iw9p1_sboot.a
                0x00000000000230c0                rtc_probe_fel_flag

.text.rtc_clear_fel_flag
                0x0000000000023134       0x1c
 .text.rtc_clear_fel_flag
                0x0000000000023134       0x1c /home/lodge/Allwinner-H616/brandy/brandy-2.0/spl-pub/board/sun50iw9p1/libsun50iw9p1_sboot.a
                0x0000000000023134                rtc_clear_fel_flag

.text.rtc_set_hash_entry
                0x0000000000023150       0x18
 .text.rtc_set_hash_entry
                0x0000000000023150       0x18 /home/lodge/Allwinner-H616/brandy/brandy-2.0/spl-pub/board/sun50iw9p1/libsun50iw9p1_sboot.a
                0x0000000000023150                rtc_set_hash_entry

.text.i2c_sendbyteaddr
                0x0000000000023168       0x38
 .text.i2c_sendbyteaddr
                0x0000000000023168       0x38 /home/lodge/Allwinner-H616/brandy/brandy-2.0/spl-pub/board/sun50iw9p1/libsun50iw9p1_sboot.a

.text.i2c_sendstart
                0x00000000000231a0       0x40
 .text.i2c_sendstart
                0x00000000000231a0       0x40 /home/lodge/Allwinner-H616/brandy/brandy-2.0/spl-pub/board/sun50iw9p1/libsun50iw9p1_sboot.a

.text.i2c_sendslaveaddr
                0x00000000000231e0       0x4c
 .text.i2c_sendslaveaddr
                0x00000000000231e0       0x4c /home/lodge/Allwinner-H616/brandy/brandy-2.0/spl-pub/board/sun50iw9p1/libsun50iw9p1_sboot.a

.text.i2c_stop  0x000000000002322c       0x4c
 .text.i2c_stop
                0x000000000002322c       0x4c /home/lodge/Allwinner-H616/brandy/brandy-2.0/spl-pub/board/sun50iw9p1/libsun50iw9p1_sboot.a

.text.i2c_read  0x0000000000023278      0x148
 .text.i2c_read
                0x0000000000023278      0x148 /home/lodge/Allwinner-H616/brandy/brandy-2.0/spl-pub/board/sun50iw9p1/libsun50iw9p1_sboot.a
                0x0000000000023278                i2c_read

.text.i2c_write
                0x00000000000233c0       0x9c
 .text.i2c_write
                0x00000000000233c0       0x9c /home/lodge/Allwinner-H616/brandy/brandy-2.0/spl-pub/board/sun50iw9p1/libsun50iw9p1_sboot.a
                0x00000000000233c0                i2c_write

.text.set_cpus_i2c_clock
                0x000000000002345c       0x8c
 .text.set_cpus_i2c_clock
                0x000000000002345c       0x8c /home/lodge/Allwinner-H616/brandy/brandy-2.0/spl-pub/board/sun50iw9p1/libsun50iw9p1_sboot.a
                0x000000000002345c                set_cpus_i2c_clock

.text.i2c_set_clock
                0x00000000000234e8       0xb4
 .text.i2c_set_clock
                0x00000000000234e8       0xb4 /home/lodge/Allwinner-H616/brandy/brandy-2.0/spl-pub/board/sun50iw9p1/libsun50iw9p1_sboot.a
                0x00000000000234e8                i2c_set_clock

.text.i2c_init_cpus
                0x000000000002359c       0x28
 .text.i2c_init_cpus
                0x000000000002359c       0x28 /home/lodge/Allwinner-H616/brandy/brandy-2.0/spl-pub/board/sun50iw9p1/libsun50iw9p1_sboot.a
                0x000000000002359c                i2c_init_cpus

.text.pmic_bus_init
                0x00000000000235c4        0xa
 .text.pmic_bus_init
                0x00000000000235c4        0xa /home/lodge/Allwinner-H616/brandy/brandy-2.0/spl-pub/board/sun50iw9p1/libsun50iw9p1_sboot.a
                0x00000000000235c4                pmic_bus_init

.text.pmic_bus_read
                0x00000000000235ce       0x14
 .text.pmic_bus_read
                0x00000000000235ce       0x14 /home/lodge/Allwinner-H616/brandy/brandy-2.0/spl-pub/board/sun50iw9p1/libsun50iw9p1_sboot.a
                0x00000000000235ce                pmic_bus_read

.text.pmic_bus_write
                0x00000000000235e2       0x18
 .text.pmic_bus_write
                0x00000000000235e2       0x18 /home/lodge/Allwinner-H616/brandy/brandy-2.0/spl-pub/board/sun50iw9p1/libsun50iw9p1_sboot.a
                0x00000000000235e2                pmic_bus_write

.text.super_standby_mode
                0x00000000000235fc       0x10
 .text.super_standby_mode
                0x00000000000235fc       0x10 /home/lodge/Allwinner-H616/brandy/brandy-2.0/spl-pub/board/sun50iw9p1/libsun50iw9p1_sboot.a
                0x00000000000235fc                super_standby_mode

.text.handler_super_standby
                0x000000000002360c       0xf6
 .text.handler_super_standby
                0x000000000002360c       0xf6 /home/lodge/Allwinner-H616/brandy/brandy-2.0/spl-pub/board/sun50iw9p1/libsun50iw9p1_sboot.a
                0x000000000002360c                handler_super_standby

.text.sunxi_gpadc_init
                0x0000000000023704       0x40
 .text.sunxi_gpadc_init
                0x0000000000023704       0x40 /home/lodge/Allwinner-H616/brandy/brandy-2.0/spl-pub/board/sun50iw9p1/libsun50iw9p1_sboot.a
                0x0000000000023704                sunxi_gpadc_init

.text.sunxi_read_gpadc
                0x0000000000023744       0x3c
 .text.sunxi_read_gpadc
                0x0000000000023744       0x3c /home/lodge/Allwinner-H616/brandy/brandy-2.0/spl-pub/board/sun50iw9p1/libsun50iw9p1_sboot.a
                0x0000000000023744                sunxi_read_gpadc

.text.sunxi_read_gpadc_vol
                0x0000000000023780       0x74
 .text.sunxi_read_gpadc_vol
                0x0000000000023780       0x74 /home/lodge/Allwinner-H616/brandy/brandy-2.0/spl-pub/board/sun50iw9p1/libsun50iw9p1_sboot.a
                0x0000000000023780                sunxi_read_gpadc_vol

.text.sunxi_dram_handle
                0x00000000000237f4      0x1c0
 .text.sunxi_dram_handle
                0x00000000000237f4      0x1c0 /home/lodge/Allwinner-H616/brandy/brandy-2.0/spl-pub/board/sun50iw9p1/libsun50iw9p1_sboot.a
                0x00000000000237f4                sunxi_dram_handle

.text.crc_16    0x00000000000239b4       0x22
 .text.crc_16   0x00000000000239b4       0x22 /home/lodge/Allwinner-H616/brandy/brandy-2.0/spl-pub/board/sun50iw9p1/libsun50iw9p1_sboot.a
                0x00000000000239b4                crc_16

.text.disturb_coding
                0x00000000000239d6       0x12
 .text.disturb_coding
                0x00000000000239d6       0x12 /home/lodge/Allwinner-H616/brandy/brandy-2.0/spl-pub/board/sun50iw9p1/libsun50iw9p1_sboot.a
                0x00000000000239d6                disturb_coding

.text.id_judge_fun
                0x00000000000239e8       0x88
 .text.id_judge_fun
                0x00000000000239e8       0x88 /home/lodge/Allwinner-H616/brandy/brandy-2.0/spl-pub/board/sun50iw9p1/libsun50iw9p1_sboot.a
                0x00000000000239e8                id_judge_fun

.text.switch_2_secure
                0x0000000000023a70        0xc
 .text.switch_2_secure
                0x0000000000023a70        0xc /home/lodge/Allwinner-H616/brandy/brandy-2.0/spl-pub/board/sun50iw9p1/libsun50iw9p1_sboot.a
                0x0000000000023a70                switch_2_secure

.text.switch_2_nonsecure
                0x0000000000023a7c        0xc
 .text.switch_2_nonsecure
                0x0000000000023a7c        0xc /home/lodge/Allwinner-H616/brandy/brandy-2.0/spl-pub/board/sun50iw9p1/libsun50iw9p1_sboot.a
                0x0000000000023a7c                switch_2_nonsecure

.text.dst_neon_init
                0x0000000000023a88        0xc
 .text.dst_neon_init
                0x0000000000023a88        0xc /home/lodge/Allwinner-H616/brandy/brandy-2.0/spl-pub/board/sun50iw9p1/libsun50iw9p1_sboot.a
                0x0000000000023a88                dst_neon_init

.text.dst_mctl_neon_cmp
                0x0000000000023a94        0xc
 .text.dst_mctl_neon_cmp
                0x0000000000023a94        0xc /home/lodge/Allwinner-H616/brandy/brandy-2.0/spl-pub/board/sun50iw9p1/libsun50iw9p1_sboot.a
                0x0000000000023a94                dst_mctl_neon_cmp

.text.dst_mctl_neon_write
                0x0000000000023aa0        0xc
 .text.dst_mctl_neon_write
                0x0000000000023aa0        0xc /home/lodge/Allwinner-H616/brandy/brandy-2.0/spl-pub/board/sun50iw9p1/libsun50iw9p1_sboot.a
                0x0000000000023aa0                dst_mctl_neon_write

.text.dst_mctl_neon_write_2data
                0x0000000000023aac        0xc
 .text.dst_mctl_neon_write_2data
                0x0000000000023aac        0xc /home/lodge/Allwinner-H616/brandy/brandy-2.0/spl-pub/board/sun50iw9p1/libsun50iw9p1_sboot.a
                0x0000000000023aac                dst_mctl_neon_write_2data

.text.dst_mctl_neon_copy
                0x0000000000023ab8        0xc
 .text.dst_mctl_neon_copy
                0x0000000000023ab8        0xc /home/lodge/Allwinner-H616/brandy/brandy-2.0/spl-pub/board/sun50iw9p1/libsun50iw9p1_sboot.a
                0x0000000000023ab8                dst_mctl_neon_copy

.text.dst_mem_cmp
                0x0000000000023ac4       0x22
 .text.dst_mem_cmp
                0x0000000000023ac4       0x22 /home/lodge/Allwinner-H616/brandy/brandy-2.0/spl-pub/board/sun50iw9p1/libsun50iw9p1_sboot.a
                0x0000000000023ac4                dst_mem_cmp

.text.dramc_memtester_dma_test
                0x0000000000023ae8      0x18c
 .text.dramc_memtester_dma_test
                0x0000000000023ae8      0x18c /home/lodge/Allwinner-H616/brandy/brandy-2.0/spl-pub/board/sun50iw9p1/libsun50iw9p1_sboot.a
                0x0000000000023ae8                dramc_memtester_dma_test

.text.dst_read_cmp
                0x0000000000023c74       0x50
 .text.dst_read_cmp
                0x0000000000023c74       0x50 /home/lodge/Allwinner-H616/brandy/brandy-2.0/spl-pub/board/sun50iw9p1/libsun50iw9p1_sboot.a
                0x0000000000023c74                dst_read_cmp

.text.dst_dq_eye_scan
                0x0000000000023cc4      0xebc
 .text.dst_dq_eye_scan
                0x0000000000023cc4      0xebc /home/lodge/Allwinner-H616/brandy/brandy-2.0/spl-pub/board/sun50iw9p1/libsun50iw9p1_sboot.a
                0x0000000000023cc4                dst_dq_eye_scan

.text.dst_from_none
                0x0000000000024b80       0xf0
 .text.dst_from_none
                0x0000000000024b80       0xf0 /home/lodge/Allwinner-H616/brandy/brandy-2.0/spl-pub/board/sun50iw9p1/libsun50iw9p1_sboot.a
                0x0000000000024b80                dst_from_none

.text.auto_cal_timing
                0x0000000000024c70       0x24
 .text.auto_cal_timing
                0x0000000000024c70       0x24 /home/lodge/Allwinner-H616/brandy/brandy-2.0/spl-pub/board/sun50iw9p1/libsun50iw9p1_sboot.a
                0x0000000000024c70                auto_cal_timing

.text.dramc_simple_wr_test
                0x0000000000024c94       0x8c
 .text.dramc_simple_wr_test
                0x0000000000024c94       0x8c /home/lodge/Allwinner-H616/brandy/brandy-2.0/spl-pub/board/sun50iw9p1/libsun50iw9p1_sboot.a
                0x0000000000024c94                dramc_simple_wr_test

.text.DRAMC_get_dram_size
                0x0000000000024d20       0x4c
 .text.DRAMC_get_dram_size
                0x0000000000024d20       0x4c /home/lodge/Allwinner-H616/brandy/brandy-2.0/spl-pub/board/sun50iw9p1/libsun50iw9p1_sboot.a
                0x0000000000024d20                DRAMC_get_dram_size

.text.set_master_priority
                0x0000000000024d6c      0x128
 .text.set_master_priority
                0x0000000000024d6c      0x128 /home/lodge/Allwinner-H616/brandy/brandy-2.0/spl-pub/board/sun50iw9p1/libsun50iw9p1_sboot.a
                0x0000000000024d6c                set_master_priority

.text.Wait_time_config
                0x0000000000024e94       0x14
 .text.Wait_time_config
                0x0000000000024e94       0x14 /home/lodge/Allwinner-H616/brandy/brandy-2.0/spl-pub/board/sun50iw9p1/libsun50iw9p1_sboot.a
                0x0000000000024e94                Wait_time_config

.text.dram_vol_set
                0x0000000000024ea8       0x70
 .text.dram_vol_set
                0x0000000000024ea8       0x70 /home/lodge/Allwinner-H616/brandy/brandy-2.0/spl-pub/board/sun50iw9p1/libsun50iw9p1_sboot.a
                0x0000000000024ea8                dram_vol_set

.text.ccm_set_pll_ddr0_sscg
                0x0000000000024f18       0x5c
 .text.ccm_set_pll_ddr0_sscg
                0x0000000000024f18       0x5c /home/lodge/Allwinner-H616/brandy/brandy-2.0/spl-pub/board/sun50iw9p1/libsun50iw9p1_sboot.a
                0x0000000000024f18                ccm_set_pll_ddr0_sscg

.text._ccm_set_pll_ddr_clk
                0x0000000000024f74       0x44
 .text._ccm_set_pll_ddr_clk
                0x0000000000024f74       0x44 /home/lodge/Allwinner-H616/brandy/brandy-2.0/spl-pub/board/sun50iw9p1/libsun50iw9p1_sboot.a
                0x0000000000024f74                _ccm_set_pll_ddr_clk

.text.mctl_dfi_init
                0x0000000000024fb8      0x2e8
 .text.mctl_dfi_init
                0x0000000000024fb8      0x2e8 /home/lodge/Allwinner-H616/brandy/brandy-2.0/spl-pub/board/sun50iw9p1/libsun50iw9p1_sboot.a
                0x0000000000024fb8                mctl_dfi_init

.text.mctl_phy_vref_config
                0x00000000000252a0       0x48
 .text.mctl_phy_vref_config
                0x00000000000252a0       0x48 /home/lodge/Allwinner-H616/brandy/brandy-2.0/spl-pub/board/sun50iw9p1/libsun50iw9p1_sboot.a
                0x00000000000252a0                mctl_phy_vref_config

.text.mctl_drive_odt_config
                0x00000000000252e8      0x148
 .text.mctl_drive_odt_config
                0x00000000000252e8      0x148 /home/lodge/Allwinner-H616/brandy/brandy-2.0/spl-pub/board/sun50iw9p1/libsun50iw9p1_sboot.a
                0x00000000000252e8                mctl_drive_odt_config

.text.mctl_phy_ca_bit_delay_compensation
                0x0000000000025430      0x188
 .text.mctl_phy_ca_bit_delay_compensation
                0x0000000000025430      0x188 /home/lodge/Allwinner-H616/brandy/brandy-2.0/spl-pub/board/sun50iw9p1/libsun50iw9p1_sboot.a
                0x0000000000025430                mctl_phy_ca_bit_delay_compensation

.text.mctl_phy_dx_bit_delay_compensation
                0x00000000000255b8      0x3c4
 .text.mctl_phy_dx_bit_delay_compensation
                0x00000000000255b8      0x3c4 /home/lodge/Allwinner-H616/brandy/brandy-2.0/spl-pub/board/sun50iw9p1/libsun50iw9p1_sboot.a
                0x00000000000255b8                mctl_phy_dx_bit_delay_compensation

.text.mctl_phy_set_address_remapping
                0x000000000002597c      0x21c
 .text.mctl_phy_set_address_remapping
                0x000000000002597c      0x21c /home/lodge/Allwinner-H616/brandy/brandy-2.0/spl-pub/board/sun50iw9p1/libsun50iw9p1_sboot.a
                0x000000000002597c                mctl_phy_set_address_remapping

.text.mctl_phy_cold_reset
                0x0000000000025b98       0x2c
 .text.mctl_phy_cold_reset
                0x0000000000025b98       0x2c /home/lodge/Allwinner-H616/brandy/brandy-2.0/spl-pub/board/sun50iw9p1/libsun50iw9p1_sboot.a
                0x0000000000025b98                mctl_phy_cold_reset

.text.phy_para_config
                0x0000000000025bc4      0x198
 .text.phy_para_config
                0x0000000000025bc4      0x198 /home/lodge/Allwinner-H616/brandy/brandy-2.0/spl-pub/board/sun50iw9p1/libsun50iw9p1_sboot.a
                0x0000000000025bc4                phy_para_config

.text.phy_write_leveling
                0x0000000000025d5c      0x118
 .text.phy_write_leveling
                0x0000000000025d5c      0x118 /home/lodge/Allwinner-H616/brandy/brandy-2.0/spl-pub/board/sun50iw9p1/libsun50iw9p1_sboot.a
                0x0000000000025d5c                phy_write_leveling

.text.phy_read_calibration
                0x0000000000025e74      0x144
 .text.phy_read_calibration
                0x0000000000025e74      0x144 /home/lodge/Allwinner-H616/brandy/brandy-2.0/spl-pub/board/sun50iw9p1/libsun50iw9p1_sboot.a
                0x0000000000025e74                phy_read_calibration

.text.phy_read_training
                0x0000000000025fb8      0x374
 .text.phy_read_training
                0x0000000000025fb8      0x374 /home/lodge/Allwinner-H616/brandy/brandy-2.0/spl-pub/board/sun50iw9p1/libsun50iw9p1_sboot.a
                0x0000000000025fb8                phy_read_training

.text.phy_write_training
                0x000000000002632c      0x334
 .text.phy_write_training
                0x000000000002632c      0x334 /home/lodge/Allwinner-H616/brandy/brandy-2.0/spl-pub/board/sun50iw9p1/libsun50iw9p1_sboot.a
                0x000000000002632c                phy_write_training

.text.phy_zq_calibration
                0x0000000000026660      0x190
 .text.phy_zq_calibration
                0x0000000000026660      0x190 /home/lodge/Allwinner-H616/brandy/brandy-2.0/spl-pub/board/sun50iw9p1/libsun50iw9p1_sboot.a
                0x0000000000026660                phy_zq_calibration

.text.mctl_com_set_controller_refresh
                0x00000000000267f0       0x14
 .text.mctl_com_set_controller_refresh
                0x00000000000267f0       0x14 /home/lodge/Allwinner-H616/brandy/brandy-2.0/spl-pub/board/sun50iw9p1/libsun50iw9p1_sboot.a
                0x00000000000267f0                mctl_com_set_controller_refresh

.text.mctl_com_set_controller_after_phy
                0x0000000000026804       0x4c
 .text.mctl_com_set_controller_after_phy
                0x0000000000026804       0x4c /home/lodge/Allwinner-H616/brandy/brandy-2.0/spl-pub/board/sun50iw9p1/libsun50iw9p1_sboot.a
                0x0000000000026804                mctl_com_set_controller_after_phy

.text.mctl_com_set_controller_before_phy
                0x0000000000026850       0x44
 .text.mctl_com_set_controller_before_phy
                0x0000000000026850       0x44 /home/lodge/Allwinner-H616/brandy/brandy-2.0/spl-pub/board/sun50iw9p1/libsun50iw9p1_sboot.a
                0x0000000000026850                mctl_com_set_controller_before_phy

.text.mctl_com_set_controller_dbi
                0x0000000000026894       0x18
 .text.mctl_com_set_controller_dbi
                0x0000000000026894       0x18 /home/lodge/Allwinner-H616/brandy/brandy-2.0/spl-pub/board/sun50iw9p1/libsun50iw9p1_sboot.a
                0x0000000000026894                mctl_com_set_controller_dbi

.text.mctl_com_set_controller_update
                0x00000000000268ac       0x40
 .text.mctl_com_set_controller_update
                0x00000000000268ac       0x40 /home/lodge/Allwinner-H616/brandy/brandy-2.0/spl-pub/board/sun50iw9p1/libsun50iw9p1_sboot.a
                0x00000000000268ac                mctl_com_set_controller_update

.text.mctl_com_set_channel_timing
                0x00000000000268ec      0x928
 .text.mctl_com_set_channel_timing
                0x00000000000268ec      0x928 /home/lodge/Allwinner-H616/brandy/brandy-2.0/spl-pub/board/sun50iw9p1/libsun50iw9p1_sboot.a
                0x00000000000268ec                mctl_com_set_channel_timing

.text.mctl_com_set_controller_address_map
                0x0000000000027214      0x1dc
 .text.mctl_com_set_controller_address_map
                0x0000000000027214      0x1dc /home/lodge/Allwinner-H616/brandy/brandy-2.0/spl-pub/board/sun50iw9p1/libsun50iw9p1_sboot.a
                0x0000000000027214                mctl_com_set_controller_address_map

.text.mctl_com_set_controller_odt
                0x00000000000273f0       0x9c
 .text.mctl_com_set_controller_odt
                0x00000000000273f0       0x9c /home/lodge/Allwinner-H616/brandy/brandy-2.0/spl-pub/board/sun50iw9p1/libsun50iw9p1_sboot.a
                0x00000000000273f0                mctl_com_set_controller_odt

.text.mctl_com_set_controller_2T_mode
                0x000000000002748c       0x20
 .text.mctl_com_set_controller_2T_mode
                0x000000000002748c       0x20 /home/lodge/Allwinner-H616/brandy/brandy-2.0/spl-pub/board/sun50iw9p1/libsun50iw9p1_sboot.a
                0x000000000002748c                mctl_com_set_controller_2T_mode

.text.mctl_com_set_controller_geardown_mode
                0x00000000000274ac       0x14
 .text.mctl_com_set_controller_geardown_mode
                0x00000000000274ac       0x14 /home/lodge/Allwinner-H616/brandy/brandy-2.0/spl-pub/board/sun50iw9p1/libsun50iw9p1_sboot.a
                0x00000000000274ac                mctl_com_set_controller_geardown_mode

.text.mctl_com_set_controller_config
                0x00000000000274c0       0x44
 .text.mctl_com_set_controller_config
                0x00000000000274c0       0x44 /home/lodge/Allwinner-H616/brandy/brandy-2.0/spl-pub/board/sun50iw9p1/libsun50iw9p1_sboot.a
                0x00000000000274c0                mctl_com_set_controller_config

.text.mctl_com_init
                0x0000000000027504       0x60
 .text.mctl_com_init
                0x0000000000027504       0x60 /home/lodge/Allwinner-H616/brandy/brandy-2.0/spl-pub/board/sun50iw9p1/libsun50iw9p1_sboot.a
                0x0000000000027504                mctl_com_init

.text.mctl_com_set_bus_config
                0x0000000000027564       0x24
 .text.mctl_com_set_bus_config
                0x0000000000027564       0x24 /home/lodge/Allwinner-H616/brandy/brandy-2.0/spl-pub/board/sun50iw9p1/libsun50iw9p1_sboot.a
                0x0000000000027564                mctl_com_set_bus_config

.text.mctl_sys_init
                0x0000000000027588       0xec
 .text.mctl_sys_init
                0x0000000000027588       0xec /home/lodge/Allwinner-H616/brandy/brandy-2.0/spl-pub/board/sun50iw9p1/libsun50iw9p1_sboot.a
                0x0000000000027588                mctl_sys_init

.text.mctl_core_init
                0x0000000000027674       0x1c
 .text.mctl_core_init
                0x0000000000027674       0x1c /home/lodge/Allwinner-H616/brandy/brandy-2.0/spl-pub/board/sun50iw9p1/libsun50iw9p1_sboot.a
                0x0000000000027674                mctl_core_init

.text.auto_scan_dram_size
                0x0000000000027690      0x1a8
 .text.auto_scan_dram_size
                0x0000000000027690      0x1a8 /home/lodge/Allwinner-H616/brandy/brandy-2.0/spl-pub/board/sun50iw9p1/libsun50iw9p1_sboot.a
                0x0000000000027690                auto_scan_dram_size

.text.auto_scan_dram_rank_width
                0x0000000000027838       0x98
 .text.auto_scan_dram_rank_width
                0x0000000000027838       0x98 /home/lodge/Allwinner-H616/brandy/brandy-2.0/spl-pub/board/sun50iw9p1/libsun50iw9p1_sboot.a
                0x0000000000027838                auto_scan_dram_rank_width

.text.auto_scan_dram_config
                0x00000000000278d0       0xd4
 .text.auto_scan_dram_config
                0x00000000000278d0       0xd4 /home/lodge/Allwinner-H616/brandy/brandy-2.0/spl-pub/board/sun50iw9p1/libsun50iw9p1_sboot.a
                0x00000000000278d0                auto_scan_dram_config

.text.ddrphy_phyinit_C_initPhyConfig
                0x00000000000279a4      0x198
 .text.ddrphy_phyinit_C_initPhyConfig
                0x00000000000279a4      0x198 /home/lodge/Allwinner-H616/brandy/brandy-2.0/spl-pub/board/sun50iw9p1/libsun50iw9p1_sboot.a
                0x00000000000279a4                ddrphy_phyinit_C_initPhyConfig

.text.mctl_phy_init
                0x0000000000027b3c       0x12
 .text.mctl_phy_init
                0x0000000000027b3c       0x12 /home/lodge/Allwinner-H616/brandy/brandy-2.0/spl-pub/board/sun50iw9p1/libsun50iw9p1_sboot.a
                0x0000000000027b3c                mctl_phy_init

.text.mctl_channel_init
                0x0000000000027b50       0x50
 .text.mctl_channel_init
                0x0000000000027b50       0x50 /home/lodge/Allwinner-H616/brandy/brandy-2.0/spl-pub/board/sun50iw9p1/libsun50iw9p1_sboot.a
                0x0000000000027b50                mctl_channel_init

.text.init_DRAM
                0x0000000000027ba0      0x240
 .text.init_DRAM
                0x0000000000027ba0      0x240 /home/lodge/Allwinner-H616/brandy/brandy-2.0/spl-pub/board/sun50iw9p1/libsun50iw9p1_sboot.a
                0x0000000000027ba0                init_DRAM

.text.crc_16_sd
                0x0000000000027de0       0x22
 .text.crc_16_sd
                0x0000000000027de0       0x22 /home/lodge/Allwinner-H616/brandy/brandy-2.0/spl-pub/board/sun50iw9p1/libsun50iw9p1_sboot.a
                0x0000000000027de0                crc_16_sd

.text.disturb_coding_sd
                0x0000000000027e02       0x12
 .text.disturb_coding_sd
                0x0000000000027e02       0x12 /home/lodge/Allwinner-H616/brandy/brandy-2.0/spl-pub/board/sun50iw9p1/libsun50iw9p1_sboot.a
                0x0000000000027e02                disturb_coding_sd

.text.bond_id_check
                0x0000000000027e14       0x46
 .text.bond_id_check
                0x0000000000027e14       0x46 /home/lodge/Allwinner-H616/brandy/brandy-2.0/spl-pub/board/sun50iw9p1/libsun50iw9p1_sboot.a
                0x0000000000027e14                bond_id_check

.text.dumphex32.constprop.12
                0x0000000000027e5c       0x48
 .text.dumphex32.constprop.12
                0x0000000000027e5c       0x48 /home/lodge/Allwinner-H616/brandy/brandy-2.0/spl-pub/board/sun50iw9p1/libsun50iw9p1_sboot.a

.text.mmc_send_cmd
                0x0000000000027ea4      0x574
 .text.mmc_send_cmd
                0x0000000000027ea4      0x574 /home/lodge/Allwinner-H616/brandy/brandy-2.0/spl-pub/board/sun50iw9p1/libsun50iw9p1_sboot.a
                0x0000000000027ea4                mmc_send_cmd

.text.mmc_send_status
                0x0000000000028418       0x84
 .text.mmc_send_status
                0x0000000000028418       0x84 /home/lodge/Allwinner-H616/brandy/brandy-2.0/spl-pub/board/sun50iw9p1/libsun50iw9p1_sboot.a
                0x0000000000028418                mmc_send_status

.text.mmc_set_blocklen
                0x000000000002849c       0x2e
 .text.mmc_set_blocklen
                0x000000000002849c       0x2e /home/lodge/Allwinner-H616/brandy/brandy-2.0/spl-pub/board/sun50iw9p1/libsun50iw9p1_sboot.a
                0x000000000002849c                mmc_set_blocklen

.text.mmc_send_manual_stop
                0x00000000000284cc       0x30
 .text.mmc_send_manual_stop
                0x00000000000284cc       0x30 /home/lodge/Allwinner-H616/brandy/brandy-2.0/spl-pub/board/sun50iw9p1/libsun50iw9p1_sboot.a
                0x00000000000284cc                mmc_send_manual_stop

.text.find_mmc_device
                0x00000000000284fc       0x20
 .text.find_mmc_device
                0x00000000000284fc       0x20 /home/lodge/Allwinner-H616/brandy/brandy-2.0/spl-pub/board/sun50iw9p1/libsun50iw9p1_sboot.a
                0x00000000000284fc                find_mmc_device

.text.mmc_read_blocks
                0x000000000002851c       0x8c
 .text.mmc_read_blocks
                0x000000000002851c       0x8c /home/lodge/Allwinner-H616/brandy/brandy-2.0/spl-pub/board/sun50iw9p1/libsun50iw9p1_sboot.a
                0x000000000002851c                mmc_read_blocks

.text.mmc_go_idle
                0x00000000000285a8       0x3c
 .text.mmc_go_idle
                0x00000000000285a8       0x3c /home/lodge/Allwinner-H616/brandy/brandy-2.0/spl-pub/board/sun50iw9p1/libsun50iw9p1_sboot.a
                0x00000000000285a8                mmc_go_idle

.text.sd_send_op_cond
                0x00000000000285e4       0xfc
 .text.sd_send_op_cond
                0x00000000000285e4       0xfc /home/lodge/Allwinner-H616/brandy/brandy-2.0/spl-pub/board/sun50iw9p1/libsun50iw9p1_sboot.a
                0x00000000000285e4                sd_send_op_cond

.text.mmc_send_op_cond
                0x00000000000286e0       0xf0
 .text.mmc_send_op_cond
                0x00000000000286e0       0xf0 /home/lodge/Allwinner-H616/brandy/brandy-2.0/spl-pub/board/sun50iw9p1/libsun50iw9p1_sboot.a
                0x00000000000286e0                mmc_send_op_cond

.text.mmc_send_ext_csd
                0x00000000000287d0       0x40
 .text.mmc_send_ext_csd
                0x00000000000287d0       0x40 /home/lodge/Allwinner-H616/brandy/brandy-2.0/spl-pub/board/sun50iw9p1/libsun50iw9p1_sboot.a
                0x00000000000287d0                mmc_send_ext_csd

.text.mmc_update_phase
                0x0000000000028810       0x1c
 .text.mmc_update_phase
                0x0000000000028810       0x1c /home/lodge/Allwinner-H616/brandy/brandy-2.0/spl-pub/board/sun50iw9p1/libsun50iw9p1_sboot.a
                0x0000000000028810                mmc_update_phase

.text.mmc_switch
                0x000000000002882c       0x58
 .text.mmc_switch
                0x000000000002882c       0x58 /home/lodge/Allwinner-H616/brandy/brandy-2.0/spl-pub/board/sun50iw9p1/libsun50iw9p1_sboot.a
                0x000000000002882c                mmc_switch

.text.mmc_switch_to_ds
                0x0000000000028884       0x54
 .text.mmc_switch_to_ds
                0x0000000000028884       0x54 /home/lodge/Allwinner-H616/brandy/brandy-2.0/spl-pub/board/sun50iw9p1/libsun50iw9p1_sboot.a
                0x0000000000028884                mmc_switch_to_ds

.text.mmc_switch_to_hs
                0x00000000000288d8       0x5c
 .text.mmc_switch_to_hs
                0x00000000000288d8       0x5c /home/lodge/Allwinner-H616/brandy/brandy-2.0/spl-pub/board/sun50iw9p1/libsun50iw9p1_sboot.a
                0x00000000000288d8                mmc_switch_to_hs

.text.mmc_switch_to_hs200
                0x0000000000028934       0x5c
 .text.mmc_switch_to_hs200
                0x0000000000028934       0x5c /home/lodge/Allwinner-H616/brandy/brandy-2.0/spl-pub/board/sun50iw9p1/libsun50iw9p1_sboot.a
                0x0000000000028934                mmc_switch_to_hs200

.text.mmc_switch_to_hs400
                0x0000000000028990       0x5c
 .text.mmc_switch_to_hs400
                0x0000000000028990       0x5c /home/lodge/Allwinner-H616/brandy/brandy-2.0/spl-pub/board/sun50iw9p1/libsun50iw9p1_sboot.a
                0x0000000000028990                mmc_switch_to_hs400

.text.mmc_switch_speed_mode
                0x00000000000289ec       0x4c
 .text.mmc_switch_speed_mode
                0x00000000000289ec       0x4c /home/lodge/Allwinner-H616/brandy/brandy-2.0/spl-pub/board/sun50iw9p1/libsun50iw9p1_sboot.a
                0x00000000000289ec                mmc_switch_speed_mode

.text.sd_switch
                0x0000000000028a38       0x44
 .text.sd_switch
                0x0000000000028a38       0x44 /home/lodge/Allwinner-H616/brandy/brandy-2.0/spl-pub/board/sun50iw9p1/libsun50iw9p1_sboot.a
                0x0000000000028a38                sd_switch

.text.sd_change_freq
                0x0000000000028a7c      0x14c
 .text.sd_change_freq
                0x0000000000028a7c      0x14c /home/lodge/Allwinner-H616/brandy/brandy-2.0/spl-pub/board/sun50iw9p1/libsun50iw9p1_sboot.a
                0x0000000000028a7c                sd_change_freq

.text.mmc_set_ios
                0x0000000000028bc8      0x4e4
 .text.mmc_set_ios
                0x0000000000028bc8      0x4e4 /home/lodge/Allwinner-H616/brandy/brandy-2.0/spl-pub/board/sun50iw9p1/libsun50iw9p1_sboot.a
                0x0000000000028bc8                mmc_set_ios

.text.mmc_switch_bus_width
                0x00000000000290ac       0xcc
 .text.mmc_switch_bus_width
                0x00000000000290ac       0xcc /home/lodge/Allwinner-H616/brandy/brandy-2.0/spl-pub/board/sun50iw9p1/libsun50iw9p1_sboot.a
                0x00000000000290ac                mmc_switch_bus_width

.text.mmc_switch_bus_mode
                0x0000000000029178       0x50
 .text.mmc_switch_bus_mode
                0x0000000000029178       0x50 /home/lodge/Allwinner-H616/brandy/brandy-2.0/spl-pub/board/sun50iw9p1/libsun50iw9p1_sboot.a
                0x0000000000029178                mmc_switch_bus_mode

.text.mmc_change_freq.part.10
                0x00000000000291c8      0x1b8
 .text.mmc_change_freq.part.10
                0x00000000000291c8      0x1b8 /home/lodge/Allwinner-H616/brandy/brandy-2.0/spl-pub/board/sun50iw9p1/libsun50iw9p1_sboot.a

.text.mmc_change_freq
                0x0000000000029380       0x20
 .text.mmc_change_freq
                0x0000000000029380       0x20 /home/lodge/Allwinner-H616/brandy/brandy-2.0/spl-pub/board/sun50iw9p1/libsun50iw9p1_sboot.a
                0x0000000000029380                mmc_change_freq

.text.mmc_set_clock
                0x00000000000293a0       0x16
 .text.mmc_set_clock
                0x00000000000293a0       0x16 /home/lodge/Allwinner-H616/brandy/brandy-2.0/spl-pub/board/sun50iw9p1/libsun50iw9p1_sboot.a
                0x00000000000293a0                mmc_set_clock

.text.mmc_read_info
                0x00000000000293b8       0xe4
 .text.mmc_read_info
                0x00000000000293b8       0xe4 /home/lodge/Allwinner-H616/brandy/brandy-2.0/spl-pub/board/sun50iw9p1/libsun50iw9p1_sboot.a
                0x00000000000293b8                mmc_read_info

.text.mmc_startup
                0x000000000002949c      0x544
 .text.mmc_startup
                0x000000000002949c      0x544 /home/lodge/Allwinner-H616/brandy/brandy-2.0/spl-pub/board/sun50iw9p1/libsun50iw9p1_sboot.a
                0x000000000002949c                mmc_startup

.text.mmc_send_if_cond
                0x00000000000299e0       0x5c
 .text.mmc_send_if_cond
                0x00000000000299e0       0x5c /home/lodge/Allwinner-H616/brandy/brandy-2.0/spl-pub/board/sun50iw9p1/libsun50iw9p1_sboot.a
                0x00000000000299e0                mmc_send_if_cond

.text.mmc_init  0x0000000000029a3c      0x18c
 .text.mmc_init
                0x0000000000029a3c      0x18c /home/lodge/Allwinner-H616/brandy/brandy-2.0/spl-pub/board/sun50iw9p1/libsun50iw9p1_sboot.a
                0x0000000000029a3c                mmc_init

.text.mmc_bread
                0x0000000000029bc8      0x148
 .text.mmc_bread
                0x0000000000029bc8      0x148 /home/lodge/Allwinner-H616/brandy/brandy-2.0/spl-pub/board/sun50iw9p1/libsun50iw9p1_sboot.a
                0x0000000000029bc8                mmc_bread

.text.mmc_register
                0x0000000000029d10       0x20
 .text.mmc_register
                0x0000000000029d10       0x20 /home/lodge/Allwinner-H616/brandy/brandy-2.0/spl-pub/board/sun50iw9p1/libsun50iw9p1_sboot.a
                0x0000000000029d10                mmc_register

.text._get_pll_periph0
                0x0000000000029d30       0x2c
 .text._get_pll_periph0
                0x0000000000029d30       0x2c /home/lodge/Allwinner-H616/brandy/brandy-2.0/spl-pub/board/sun50iw9p1/libsun50iw9p1_sboot.a

.text.mmc_core_init
                0x0000000000029d5c       0xe8
 .text.mmc_core_init
                0x0000000000029d5c       0xe8 /home/lodge/Allwinner-H616/brandy/brandy-2.0/spl-pub/board/sun50iw9p1/libsun50iw9p1_sboot.a

.text.mmc_clk_io_onoff
                0x0000000000029e44       0xb0
 .text.mmc_clk_io_onoff
                0x0000000000029e44       0xb0 /home/lodge/Allwinner-H616/brandy/brandy-2.0/spl-pub/board/sun50iw9p1/libsun50iw9p1_sboot.a

.text.mmc_ddr_mode_onoff.isra.0
                0x0000000000029ef4       0x2e
 .text.mmc_ddr_mode_onoff.isra.0
                0x0000000000029ef4       0x2e /home/lodge/Allwinner-H616/brandy/brandy-2.0/spl-pub/board/sun50iw9p1/libsun50iw9p1_sboot.a

.text.mmc_get_mclk.isra.4
                0x0000000000029f24       0x50
 .text.mmc_get_mclk.isra.4
                0x0000000000029f24       0x50 /home/lodge/Allwinner-H616/brandy/brandy-2.0/spl-pub/board/sun50iw9p1/libsun50iw9p1_sboot.a

.text.mmc_update_clk.isra.5
                0x0000000000029f74       0x68
 .text.mmc_update_clk.isra.5
                0x0000000000029f74       0x68 /home/lodge/Allwinner-H616/brandy/brandy-2.0/spl-pub/board/sun50iw9p1/libsun50iw9p1_sboot.a

.text.mmc_get_timing_cfg
                0x0000000000029fdc      0x19c
 .text.mmc_get_timing_cfg
                0x0000000000029fdc      0x19c /home/lodge/Allwinner-H616/brandy/brandy-2.0/spl-pub/board/sun50iw9p1/libsun50iw9p1_sboot.a

.text.set_mmc_para
                0x000000000002a178       0x40
 .text.set_mmc_para
                0x000000000002a178       0x40 /home/lodge/Allwinner-H616/brandy/brandy-2.0/spl-pub/board/sun50iw9p1/libsun50iw9p1_sboot.a
                0x000000000002a178                set_mmc_para

.text.mmc_update_host_caps_r
                0x000000000002a1b8      0x108
 .text.mmc_update_host_caps_r
                0x000000000002a1b8      0x108 /home/lodge/Allwinner-H616/brandy/brandy-2.0/spl-pub/board/sun50iw9p1/libsun50iw9p1_sboot.a
                0x000000000002a1b8                mmc_update_host_caps_r

.text.sunxi_mmc_init
                0x000000000002a2c0      0x180
 .text.sunxi_mmc_init
                0x000000000002a2c0      0x180 /home/lodge/Allwinner-H616/brandy/brandy-2.0/spl-pub/board/sun50iw9p1/libsun50iw9p1_sboot.a
                0x000000000002a2c0                sunxi_mmc_init

.text.load_and_check_in_one_blk
                0x000000000002a440       0x54
 .text.load_and_check_in_one_blk
                0x000000000002a440       0x54 /home/lodge/Allwinner-H616/brandy/brandy-2.0/spl-pub/board/sun50iw9p1/libsun50iw9p1_sboot.a
                0x000000000002a440                load_and_check_in_one_blk

.text.load_in_many_blks
                0x000000000002a494       0x9c
 .text.load_in_many_blks
                0x000000000002a494       0x9c /home/lodge/Allwinner-H616/brandy/brandy-2.0/spl-pub/board/sun50iw9p1/libsun50iw9p1_sboot.a
                0x000000000002a494                load_in_many_blks

.text.NF_open   0x000000000002a530       0x6c
 .text.NF_open  0x000000000002a530       0x6c /home/lodge/Allwinner-H616/brandy/brandy-2.0/spl-pub/board/sun50iw9p1/libsun50iw9p1_sboot.a
                0x000000000002a530                NF_open

.text.NF_close  0x000000000002a59c       0x12
 .text.NF_close
                0x000000000002a59c       0x12 /home/lodge/Allwinner-H616/brandy/brandy-2.0/spl-pub/board/sun50iw9p1/libsun50iw9p1_sboot.a
                0x000000000002a59c                NF_close

.text.NF_read   0x000000000002a5b0       0xfc
 .text.NF_read  0x000000000002a5b0       0xfc /home/lodge/Allwinner-H616/brandy/brandy-2.0/spl-pub/board/sun50iw9p1/libsun50iw9p1_sboot.a
                0x000000000002a5b0                NF_read

.text.NF_read_status
                0x000000000002a6ac       0x3c
 .text.NF_read_status
                0x000000000002a6ac       0x3c /home/lodge/Allwinner-H616/brandy/brandy-2.0/spl-pub/board/sun50iw9p1/libsun50iw9p1_sboot.a
                0x000000000002a6ac                NF_read_status

.text.load_uboot_in_one_block_judge
                0x000000000002a6e8       0x3c
 .text.load_uboot_in_one_block_judge
                0x000000000002a6e8       0x3c /home/lodge/Allwinner-H616/brandy/brandy-2.0/spl-pub/board/sun50iw9p1/libsun50iw9p1_sboot.a
                0x000000000002a6e8                load_uboot_in_one_block_judge

.text.NFB_GetFlashInfo
                0x000000000002a724       0x2c
 .text.NFB_GetFlashInfo
                0x000000000002a724       0x2c /home/lodge/Allwinner-H616/brandy/brandy-2.0/spl-pub/board/sun50iw9p1/libsun50iw9p1_sboot.a
                0x000000000002a724                NFB_GetFlashInfo

.text.NFB_PhyInit
                0x000000000002a750       0x44
 .text.NFB_PhyInit
                0x000000000002a750       0x44 /home/lodge/Allwinner-H616/brandy/brandy-2.0/spl-pub/board/sun50iw9p1/libsun50iw9p1_sboot.a
                0x000000000002a750                NFB_PhyInit

.text.NFB_PhyExit
                0x000000000002a794        0xa
 .text.NFB_PhyExit
                0x000000000002a794        0xa /home/lodge/Allwinner-H616/brandy/brandy-2.0/spl-pub/board/sun50iw9p1/libsun50iw9p1_sboot.a
                0x000000000002a794                NFB_PhyExit

.text.NFB_PhyRead
                0x000000000002a79e        0x4
 .text.NFB_PhyRead
                0x000000000002a79e        0x4 /home/lodge/Allwinner-H616/brandy/brandy-2.0/spl-pub/board/sun50iw9p1/libsun50iw9p1_sboot.a
                0x000000000002a79e                NFB_PhyRead

.text._Get_PLL_PERI
                0x000000000002a7a4       0x30
 .text._Get_PLL_PERI
                0x000000000002a7a4       0x30 /home/lodge/Allwinner-H616/brandy/brandy-2.0/spl-pub/board/sun50iw9p1/libsun50iw9p1_sboot.a
                0x000000000002a7a4                _Get_PLL_PERI

.text._change_ndfc_clk_v1
                0x000000000002a7d4      0x1f4
 .text._change_ndfc_clk_v1
                0x000000000002a7d4      0x1f4 /home/lodge/Allwinner-H616/brandy/brandy-2.0/spl-pub/board/sun50iw9p1/libsun50iw9p1_sboot.a
                0x000000000002a7d4                _change_ndfc_clk_v1

.text._open_ndfc_ahb_gate_and_reset_v1
                0x000000000002a9c8       0x3c
 .text._open_ndfc_ahb_gate_and_reset_v1
                0x000000000002a9c8       0x3c /home/lodge/Allwinner-H616/brandy/brandy-2.0/spl-pub/board/sun50iw9p1/libsun50iw9p1_sboot.a
                0x000000000002a9c8                _open_ndfc_ahb_gate_and_reset_v1

.text.NAND_ClkRequest
                0x000000000002aa04       0x44
 .text.NAND_ClkRequest
                0x000000000002aa04       0x44 /home/lodge/Allwinner-H616/brandy/brandy-2.0/spl-pub/board/sun50iw9p1/libsun50iw9p1_sboot.a
                0x000000000002aa04                NAND_ClkRequest

.text.NAND_ClkRelease
                0x000000000002aa48        0x2
 .text.NAND_ClkRelease
                0x000000000002aa48        0x2 /home/lodge/Allwinner-H616/brandy/brandy-2.0/spl-pub/board/sun50iw9p1/libsun50iw9p1_sboot.a
                0x000000000002aa48                NAND_ClkRelease

.text.NAND_PIORequest
                0x000000000002aa4c       0x38
 .text.NAND_PIORequest
                0x000000000002aa4c       0x38 /home/lodge/Allwinner-H616/brandy/brandy-2.0/spl-pub/board/sun50iw9p1/libsun50iw9p1_sboot.a
                0x000000000002aa4c                NAND_PIORequest

.text.NAND_PIORelease
                0x000000000002aa84        0x2
 .text.NAND_PIORelease
                0x000000000002aa84        0x2 /home/lodge/Allwinner-H616/brandy/brandy-2.0/spl-pub/board/sun50iw9p1/libsun50iw9p1_sboot.a
                0x000000000002aa84                NAND_PIORelease

.text.NAND_WaitDmaFinish
                0x000000000002aa86        0x4
 .text.NAND_WaitDmaFinish
                0x000000000002aa86        0x4 /home/lodge/Allwinner-H616/brandy/brandy-2.0/spl-pub/board/sun50iw9p1/libsun50iw9p1_sboot.a
                0x000000000002aa86                NAND_WaitDmaFinish

.text.NAND_Malloc
                0x000000000002aa8a        0x6
 .text.NAND_Malloc
                0x000000000002aa8a        0x6 /home/lodge/Allwinner-H616/brandy/brandy-2.0/spl-pub/board/sun50iw9p1/libsun50iw9p1_sboot.a
                0x000000000002aa8a                NAND_Malloc

.text.NAND_Free
                0x000000000002aa90        0x2
 .text.NAND_Free
                0x000000000002aa90        0x2 /home/lodge/Allwinner-H616/brandy/brandy-2.0/spl-pub/board/sun50iw9p1/libsun50iw9p1_sboot.a
                0x000000000002aa90                NAND_Free

.text.NAND_IORemap
                0x000000000002aa92        0x2
 .text.NAND_IORemap
                0x000000000002aa92        0x2 /home/lodge/Allwinner-H616/brandy/brandy-2.0/spl-pub/board/sun50iw9p1/libsun50iw9p1_sboot.a
                0x000000000002aa92                NAND_IORemap

.text._InitNandPhyInfo
                0x000000000002aa94       0x80
 .text._InitNandPhyInfo
                0x000000000002aa94       0x80 /home/lodge/Allwinner-H616/brandy/brandy-2.0/spl-pub/board/sun50iw9p1/libsun50iw9p1_sboot.a
                0x000000000002aa94                _InitNandPhyInfo

.text._CheckNandID
                0x000000000002ab14       0x2c
 .text._CheckNandID
                0x000000000002ab14       0x2c /home/lodge/Allwinner-H616/brandy/brandy-2.0/spl-pub/board/sun50iw9p1/libsun50iw9p1_sboot.a
                0x000000000002ab14                _CheckNandID

.text.BOOT_AnalyzeNandSystem
                0x000000000002ab40       0xf0
 .text.BOOT_AnalyzeNandSystem
                0x000000000002ab40       0xf0 /home/lodge/Allwinner-H616/brandy/brandy-2.0/spl-pub/board/sun50iw9p1/libsun50iw9p1_sboot.a
                0x000000000002ab40                BOOT_AnalyzeNandSystem

.text.NAND_Getlsbpage_type
                0x000000000002ac30       0x10
 .text.NAND_Getlsbpage_type
                0x000000000002ac30       0x10 /home/lodge/Allwinner-H616/brandy/brandy-2.0/spl-pub/board/sun50iw9p1/libsun50iw9p1_sboot.a
                0x000000000002ac30                NAND_Getlsbpage_type

.text.Nand_Is_lsb_page
                0x000000000002ac40       0xb8
 .text.Nand_Is_lsb_page
                0x000000000002ac40       0xb8 /home/lodge/Allwinner-H616/brandy/brandy-2.0/spl-pub/board/sun50iw9p1/libsun50iw9p1_sboot.a
                0x000000000002ac40                Nand_Is_lsb_page

.text.NAND_GetLsbblksize
                0x000000000002acf8       0x38
 .text.NAND_GetLsbblksize
                0x000000000002acf8       0x38 /home/lodge/Allwinner-H616/brandy/brandy-2.0/spl-pub/board/sun50iw9p1/libsun50iw9p1_sboot.a
                0x000000000002acf8                NAND_GetLsbblksize

.text.nfc_repeat_mode_enable
                0x000000000002ad30       0x28
 .text.nfc_repeat_mode_enable
                0x000000000002ad30       0x28 /home/lodge/Allwinner-H616/brandy/brandy-2.0/spl-pub/board/sun50iw9p1/libsun50iw9p1_sboot.a
                0x000000000002ad30                nfc_repeat_mode_enable

.text.nfc_repeat_mode_disable
                0x000000000002ad58       0x28
 .text.nfc_repeat_mode_disable
                0x000000000002ad58       0x28 /home/lodge/Allwinner-H616/brandy/brandy-2.0/spl-pub/board/sun50iw9p1/libsun50iw9p1_sboot.a
                0x000000000002ad58                nfc_repeat_mode_disable

.text._wait_cmdfifo_free
                0x000000000002ad80       0x2c
 .text._wait_cmdfifo_free
                0x000000000002ad80       0x2c /home/lodge/Allwinner-H616/brandy/brandy-2.0/spl-pub/board/sun50iw9p1/libsun50iw9p1_sboot.a
                0x000000000002ad80                _wait_cmdfifo_free

.text._wait_cmd_finish
                0x000000000002adac       0x44
 .text._wait_cmd_finish
                0x000000000002adac       0x44 /home/lodge/Allwinner-H616/brandy/brandy-2.0/spl-pub/board/sun50iw9p1/libsun50iw9p1_sboot.a
                0x000000000002adac                _wait_cmd_finish

.text._dma_config_start
                0x000000000002adf0       0x64
 .text._dma_config_start
                0x000000000002adf0       0x64 /home/lodge/Allwinner-H616/brandy/brandy-2.0/spl-pub/board/sun50iw9p1/libsun50iw9p1_sboot.a
                0x000000000002adf0                _dma_config_start

.text._wait_dma_end
                0x000000000002ae54       0x2c
 .text._wait_dma_end
                0x000000000002ae54       0x2c /home/lodge/Allwinner-H616/brandy/brandy-2.0/spl-pub/board/sun50iw9p1/libsun50iw9p1_sboot.a
                0x000000000002ae54                _wait_dma_end

.text._reset    0x000000000002ae80       0x44
 .text._reset   0x000000000002ae80       0x44 /home/lodge/Allwinner-H616/brandy/brandy-2.0/spl-pub/board/sun50iw9p1/libsun50iw9p1_sboot.a
                0x000000000002ae80                _reset

.text._check_ecc
                0x000000000002aec4       0xd8
 .text._check_ecc
                0x000000000002aec4       0xd8 /home/lodge/Allwinner-H616/brandy/brandy-2.0/spl-pub/board/sun50iw9p1/libsun50iw9p1_sboot.a
                0x000000000002aec4                _check_ecc

.text._disable_ecc
                0x000000000002af9c       0x20
 .text._disable_ecc
                0x000000000002af9c       0x20 /home/lodge/Allwinner-H616/brandy/brandy-2.0/spl-pub/board/sun50iw9p1/libsun50iw9p1_sboot.a
                0x000000000002af9c                _disable_ecc

.text._enable_ecc
                0x000000000002afbc       0x38
 .text._enable_ecc
                0x000000000002afbc       0x38 /home/lodge/Allwinner-H616/brandy/brandy-2.0/spl-pub/board/sun50iw9p1/libsun50iw9p1_sboot.a
                0x000000000002afbc                _enable_ecc

.text._set_addr
                0x000000000002aff4       0x48
 .text._set_addr
                0x000000000002aff4       0x48 /home/lodge/Allwinner-H616/brandy/brandy-2.0/spl-pub/board/sun50iw9p1/libsun50iw9p1_sboot.a
                0x000000000002aff4                _set_addr

.text.ndfc_set_user_data_len
                0x000000000002b03c       0xb4
 .text.ndfc_set_user_data_len
                0x000000000002b03c       0xb4 /home/lodge/Allwinner-H616/brandy/brandy-2.0/spl-pub/board/sun50iw9p1/libsun50iw9p1_sboot.a
                0x000000000002b03c                ndfc_set_user_data_len

.text._read_in_page_mode
                0x000000000002b0f0      0x1e4
 .text._read_in_page_mode
                0x000000000002b0f0      0x1e4 /home/lodge/Allwinner-H616/brandy/brandy-2.0/spl-pub/board/sun50iw9p1/libsun50iw9p1_sboot.a
                0x000000000002b0f0                _read_in_page_mode

.text.NFC_Read  0x000000000002b2d4       0x28
 .text.NFC_Read
                0x000000000002b2d4       0x28 /home/lodge/Allwinner-H616/brandy/brandy-2.0/spl-pub/board/sun50iw9p1/libsun50iw9p1_sboot.a
                0x000000000002b2d4                NFC_Read

.text.nfc_set_cmd_register
                0x000000000002b2fc       0x78
 .text.nfc_set_cmd_register
                0x000000000002b2fc       0x78 /home/lodge/Allwinner-H616/brandy/brandy-2.0/spl-pub/board/sun50iw9p1/libsun50iw9p1_sboot.a
                0x000000000002b2fc                nfc_set_cmd_register

.text.NFC_SetRandomSeed
                0x000000000002b374       0x24
 .text.NFC_SetRandomSeed
                0x000000000002b374       0x24 /home/lodge/Allwinner-H616/brandy/brandy-2.0/spl-pub/board/sun50iw9p1/libsun50iw9p1_sboot.a
                0x000000000002b374                NFC_SetRandomSeed

.text.NFC_RandomEnable
                0x000000000002b398       0x24
 .text.NFC_RandomEnable
                0x000000000002b398       0x24 /home/lodge/Allwinner-H616/brandy/brandy-2.0/spl-pub/board/sun50iw9p1/libsun50iw9p1_sboot.a
                0x000000000002b398                NFC_RandomEnable

.text.NFC_RandomDisable
                0x000000000002b3bc       0x24
 .text.NFC_RandomDisable
                0x000000000002b3bc       0x24 /home/lodge/Allwinner-H616/brandy/brandy-2.0/spl-pub/board/sun50iw9p1/libsun50iw9p1_sboot.a
                0x000000000002b3bc                NFC_RandomDisable

.text.NFC_GetId
                0x000000000002b3e0       0x40
 .text.NFC_GetId
                0x000000000002b3e0       0x40 /home/lodge/Allwinner-H616/brandy/brandy-2.0/spl-pub/board/sun50iw9p1/libsun50iw9p1_sboot.a
                0x000000000002b3e0                NFC_GetId

.text.NFC_GetFeature
                0x000000000002b420       0x40
 .text.NFC_GetFeature
                0x000000000002b420       0x40 /home/lodge/Allwinner-H616/brandy/brandy-2.0/spl-pub/board/sun50iw9p1/libsun50iw9p1_sboot.a
                0x000000000002b420                NFC_GetFeature

.text.NFC_SetFeature
                0x000000000002b460       0xac
 .text.NFC_SetFeature
                0x000000000002b460       0xac /home/lodge/Allwinner-H616/brandy/brandy-2.0/spl-pub/board/sun50iw9p1/libsun50iw9p1_sboot.a
                0x000000000002b460                NFC_SetFeature

.text.NFC_Set_Legacy_Interface
                0x000000000002b50c       0x24
 .text.NFC_Set_Legacy_Interface
                0x000000000002b50c       0x24 /home/lodge/Allwinner-H616/brandy/brandy-2.0/spl-pub/board/sun50iw9p1/libsun50iw9p1_sboot.a
                0x000000000002b50c                NFC_Set_Legacy_Interface

.text.NFC_Set_Toggle_Interface
                0x000000000002b530       0x24
 .text.NFC_Set_Toggle_Interface
                0x000000000002b530       0x24 /home/lodge/Allwinner-H616/brandy/brandy-2.0/spl-pub/board/sun50iw9p1/libsun50iw9p1_sboot.a
                0x000000000002b530                NFC_Set_Toggle_Interface

.text.NFC_GetStatus
                0x000000000002b554       0x34
 .text.NFC_GetStatus
                0x000000000002b554       0x34 /home/lodge/Allwinner-H616/brandy/brandy-2.0/spl-pub/board/sun50iw9p1/libsun50iw9p1_sboot.a
                0x000000000002b554                NFC_GetStatus

.text.NFC_ResetChip
                0x000000000002b588       0x16
 .text.NFC_ResetChip
                0x000000000002b588       0x16 /home/lodge/Allwinner-H616/brandy/brandy-2.0/spl-pub/board/sun50iw9p1/libsun50iw9p1_sboot.a
                0x000000000002b588                NFC_ResetChip

.text.NFC_SelectChip
                0x000000000002b5a0       0x2c
 .text.NFC_SelectChip
                0x000000000002b5a0       0x2c /home/lodge/Allwinner-H616/brandy/brandy-2.0/spl-pub/board/sun50iw9p1/libsun50iw9p1_sboot.a
                0x000000000002b5a0                NFC_SelectChip

.text.NFC_SelectRb
                0x000000000002b5cc       0x2c
 .text.NFC_SelectRb
                0x000000000002b5cc       0x2c /home/lodge/Allwinner-H616/brandy/brandy-2.0/spl-pub/board/sun50iw9p1/libsun50iw9p1_sboot.a
                0x000000000002b5cc                NFC_SelectRb

.text.NFC_DeSelectChip
                0x000000000002b5f8        0x4
 .text.NFC_DeSelectChip
                0x000000000002b5f8        0x4 /home/lodge/Allwinner-H616/brandy/brandy-2.0/spl-pub/board/sun50iw9p1/libsun50iw9p1_sboot.a
                0x000000000002b5f8                NFC_DeSelectChip

.text.NFC_DeSelectRb
                0x000000000002b5fc        0x4
 .text.NFC_DeSelectRb
                0x000000000002b5fc        0x4 /home/lodge/Allwinner-H616/brandy/brandy-2.0/spl-pub/board/sun50iw9p1/libsun50iw9p1_sboot.a
                0x000000000002b5fc                NFC_DeSelectRb

.text.NFC_CheckRbReady
                0x000000000002b600       0x28
 .text.NFC_CheckRbReady
                0x000000000002b600       0x28 /home/lodge/Allwinner-H616/brandy/brandy-2.0/spl-pub/board/sun50iw9p1/libsun50iw9p1_sboot.a
                0x000000000002b600                NFC_CheckRbReady

.text.NFC_ChangMode
                0x000000000002b628       0xc8
 .text.NFC_ChangMode
                0x000000000002b628       0xc8 /home/lodge/Allwinner-H616/brandy/brandy-2.0/spl-pub/board/sun50iw9p1/libsun50iw9p1_sboot.a
                0x000000000002b628                NFC_ChangMode

.text.NFC_SetEccMode
                0x000000000002b6f0       0x28
 .text.NFC_SetEccMode
                0x000000000002b6f0       0x28 /home/lodge/Allwinner-H616/brandy/brandy-2.0/spl-pub/board/sun50iw9p1/libsun50iw9p1_sboot.a
                0x000000000002b6f0                NFC_SetEccMode

.text.NFC_Init  0x000000000002b718       0x5c
 .text.NFC_Init
                0x000000000002b718       0x5c /home/lodge/Allwinner-H616/brandy/brandy-2.0/spl-pub/board/sun50iw9p1/libsun50iw9p1_sboot.a
                0x000000000002b718                NFC_Init

.text.NFC_Exit  0x000000000002b774       0x30
 .text.NFC_Exit
                0x000000000002b774       0x30 /home/lodge/Allwinner-H616/brandy/brandy-2.0/spl-pub/board/sun50iw9p1/libsun50iw9p1_sboot.a
                0x000000000002b774                NFC_Exit

.text._vender_get_param
                0x000000000002b7a4       0x74
 .text._vender_get_param
                0x000000000002b7a4       0x74 /home/lodge/Allwinner-H616/brandy/brandy-2.0/spl-pub/board/sun50iw9p1/libsun50iw9p1_sboot.a
                0x000000000002b7a4                _vender_get_param

.text._vender_set_param
                0x000000000002b818      0x12c
 .text._vender_set_param
                0x000000000002b818      0x12c /home/lodge/Allwinner-H616/brandy/brandy-2.0/spl-pub/board/sun50iw9p1/libsun50iw9p1_sboot.a
                0x000000000002b818                _vender_set_param

.text._vender_get_param_otp_hynix
                0x000000000002b944      0x260
 .text._vender_get_param_otp_hynix
                0x000000000002b944      0x260 /home/lodge/Allwinner-H616/brandy/brandy-2.0/spl-pub/board/sun50iw9p1/libsun50iw9p1_sboot.a
                0x000000000002b944                _vender_get_param_otp_hynix

.text._major_check_byte
                0x000000000002bba4       0xb4
 .text._major_check_byte
                0x000000000002bba4       0xb4 /home/lodge/Allwinner-H616/brandy/brandy-2.0/spl-pub/board/sun50iw9p1/libsun50iw9p1_sboot.a
                0x000000000002bba4                _major_check_byte

.text._get_read_retry_cfg
                0x000000000002bc58      0x100
 .text._get_read_retry_cfg
                0x000000000002bc58      0x100 /home/lodge/Allwinner-H616/brandy/brandy-2.0/spl-pub/board/sun50iw9p1/libsun50iw9p1_sboot.a
                0x000000000002bc58                _get_read_retry_cfg

.text._read_otp_info_hynix
                0x000000000002bd58      0x21c
 .text._read_otp_info_hynix
                0x000000000002bd58      0x21c /home/lodge/Allwinner-H616/brandy/brandy-2.0/spl-pub/board/sun50iw9p1/libsun50iw9p1_sboot.a
                0x000000000002bd58                _read_otp_info_hynix

.text._get_rr_value_otp_hynix
                0x000000000002bf74       0x70
 .text._get_rr_value_otp_hynix
                0x000000000002bf74       0x70 /home/lodge/Allwinner-H616/brandy/brandy-2.0/spl-pub/board/sun50iw9p1/libsun50iw9p1_sboot.a
                0x000000000002bf74                _get_rr_value_otp_hynix

.text.NFC_ReadRetry
                0x000000000002bfe4      0x10c
 .text.NFC_ReadRetry
                0x000000000002bfe4      0x10c /home/lodge/Allwinner-H616/brandy/brandy-2.0/spl-pub/board/sun50iw9p1/libsun50iw9p1_sboot.a
                0x000000000002bfe4                NFC_ReadRetry

.text.NFC_ReadRetryInit
                0x000000000002c0f0      0x1ac
 .text.NFC_ReadRetryInit
                0x000000000002c0f0      0x1ac /home/lodge/Allwinner-H616/brandy/brandy-2.0/spl-pub/board/sun50iw9p1/libsun50iw9p1_sboot.a
                0x000000000002c0f0                NFC_ReadRetryInit

.text.NFC_GetOTPValue
                0x000000000002c29c       0x38
 .text.NFC_GetOTPValue
                0x000000000002c29c       0x38 /home/lodge/Allwinner-H616/brandy/brandy-2.0/spl-pub/board/sun50iw9p1/libsun50iw9p1_sboot.a
                0x000000000002c29c                NFC_GetOTPValue

.text.NFC_GetDefaultParam
                0x000000000002c2d4       0xe0
 .text.NFC_GetDefaultParam
                0x000000000002c2d4       0xe0 /home/lodge/Allwinner-H616/brandy/brandy-2.0/spl-pub/board/sun50iw9p1/libsun50iw9p1_sboot.a
                0x000000000002c2d4                NFC_GetDefaultParam

.text.NFC_SetDefaultParam
                0x000000000002c3b4       0x94
 .text.NFC_SetDefaultParam
                0x000000000002c3b4       0x94 /home/lodge/Allwinner-H616/brandy/brandy-2.0/spl-pub/board/sun50iw9p1/libsun50iw9p1_sboot.a
                0x000000000002c3b4                NFC_SetDefaultParam

.text.NFC_ReadRetryExit
                0x000000000002c448        0x4
 .text.NFC_ReadRetryExit
                0x000000000002c448        0x4 /home/lodge/Allwinner-H616/brandy/brandy-2.0/spl-pub/board/sun50iw9p1/libsun50iw9p1_sboot.a
                0x000000000002c448                NFC_ReadRetryExit

.text._cal_addr_in_chip_2
                0x000000000002c44c       0x18
 .text._cal_addr_in_chip_2
                0x000000000002c44c       0x18 /home/lodge/Allwinner-H616/brandy/brandy-2.0/spl-pub/board/sun50iw9p1/libsun50iw9p1_sboot.a
                0x000000000002c44c                _cal_addr_in_chip_2

.text._cal_addr_in_chip
                0x000000000002c464       0xb4
 .text._cal_addr_in_chip
                0x000000000002c464       0xb4 /home/lodge/Allwinner-H616/brandy/brandy-2.0/spl-pub/board/sun50iw9p1/libsun50iw9p1_sboot.a
                0x000000000002c464                _cal_addr_in_chip

.text._read_status
                0x000000000002c518       0x26
 .text._read_status
                0x000000000002c518       0x26 /home/lodge/Allwinner-H616/brandy/brandy-2.0/spl-pub/board/sun50iw9p1/libsun50iw9p1_sboot.a
                0x000000000002c518                _read_status

.text._wait_rb_ready
                0x000000000002c53e       0x1c
 .text._wait_rb_ready
                0x000000000002c53e       0x1c /home/lodge/Allwinner-H616/brandy/brandy-2.0/spl-pub/board/sun50iw9p1/libsun50iw9p1_sboot.a
                0x000000000002c53e                _wait_rb_ready

.text.PHY_Init  0x000000000002c55c       0x2c
 .text.PHY_Init
                0x000000000002c55c       0x2c /home/lodge/Allwinner-H616/brandy/brandy-2.0/spl-pub/board/sun50iw9p1/libsun50iw9p1_sboot.a
                0x000000000002c55c                PHY_Init

.text.check_nand_special_info
                0x000000000002c588       0x38
 .text.check_nand_special_info
                0x000000000002c588       0x38 /home/lodge/Allwinner-H616/brandy/brandy-2.0/spl-pub/board/sun50iw9p1/libsun50iw9p1_sboot.a
                0x000000000002c588                check_nand_special_info

.text.PHY_SetDefaultParam
                0x000000000002c5c0       0x28
 .text.PHY_SetDefaultParam
                0x000000000002c5c0       0x28 /home/lodge/Allwinner-H616/brandy/brandy-2.0/spl-pub/board/sun50iw9p1/libsun50iw9p1_sboot.a
                0x000000000002c5c0                PHY_SetDefaultParam

.text.PHY_ChangeMode
                0x000000000002c5e8       0xa4
 .text.PHY_ChangeMode
                0x000000000002c5e8       0xa4 /home/lodge/Allwinner-H616/brandy/brandy-2.0/spl-pub/board/sun50iw9p1/libsun50iw9p1_sboot.a
                0x000000000002c5e8                PHY_ChangeMode

.text.PHY_Exit  0x000000000002c68c       0x28
 .text.PHY_Exit
                0x000000000002c68c       0x28 /home/lodge/Allwinner-H616/brandy/brandy-2.0/spl-pub/board/sun50iw9p1/libsun50iw9p1_sboot.a
                0x000000000002c68c                PHY_Exit

.text.PHY_ResetChip
                0x000000000002c6b4       0x6c
 .text.PHY_ResetChip
                0x000000000002c6b4       0x6c /home/lodge/Allwinner-H616/brandy/brandy-2.0/spl-pub/board/sun50iw9p1/libsun50iw9p1_sboot.a
                0x000000000002c6b4                PHY_ResetChip

.text._read_single_page
                0x000000000002c720      0x214
 .text._read_single_page
                0x000000000002c720      0x214 /home/lodge/Allwinner-H616/brandy/brandy-2.0/spl-pub/board/sun50iw9p1/libsun50iw9p1_sboot.a
                0x000000000002c720                _read_single_page

.text.PHY_ReadNandId
                0x000000000002c934       0x3e
 .text.PHY_ReadNandId
                0x000000000002c934       0x3e /home/lodge/Allwinner-H616/brandy/brandy-2.0/spl-pub/board/sun50iw9p1/libsun50iw9p1_sboot.a
                0x000000000002c934                PHY_ReadNandId

.text.PHY_GetFeature
                0x000000000002c972       0x3a
 .text.PHY_GetFeature
                0x000000000002c972       0x3a /home/lodge/Allwinner-H616/brandy/brandy-2.0/spl-pub/board/sun50iw9p1/libsun50iw9p1_sboot.a
                0x000000000002c972                PHY_GetFeature

.text.PHY_SetFeature
                0x000000000002c9ac       0x3c
 .text.PHY_SetFeature
                0x000000000002c9ac       0x3c /home/lodge/Allwinner-H616/brandy/brandy-2.0/spl-pub/board/sun50iw9p1/libsun50iw9p1_sboot.a
                0x000000000002c9ac                PHY_SetFeature

.text.Setup_Ddr_Nand_Force_To_Sdr_Para
                0x000000000002c9e8       0x64
 .text.Setup_Ddr_Nand_Force_To_Sdr_Para
                0x000000000002c9e8       0x64 /home/lodge/Allwinner-H616/brandy/brandy-2.0/spl-pub/board/sun50iw9p1/libsun50iw9p1_sboot.a
                0x000000000002c9e8                Setup_Ddr_Nand_Force_To_Sdr_Para

.text.PHY_SimpleRead
                0x000000000002ca4c        0x6
 .text.PHY_SimpleRead
                0x000000000002ca4c        0x6 /home/lodge/Allwinner-H616/brandy/brandy-2.0/spl-pub/board/sun50iw9p1/libsun50iw9p1_sboot.a
                0x000000000002ca4c                PHY_SimpleRead

.text.PHY_GetDefaultParam
                0x000000000002ca54      0x17c
 .text.PHY_GetDefaultParam
                0x000000000002ca54      0x17c /home/lodge/Allwinner-H616/brandy/brandy-2.0/spl-pub/board/sun50iw9p1/libsun50iw9p1_sboot.a
                0x000000000002ca54                PHY_GetDefaultParam

.text.PHY_SynchBank
                0x000000000002cbd0       0xc0
 .text.PHY_SynchBank
                0x000000000002cbd0       0xc0 /home/lodge/Allwinner-H616/brandy/brandy-2.0/spl-pub/board/sun50iw9p1/libsun50iw9p1_sboot.a
                0x000000000002cbd0                PHY_SynchBank

.text.set_ddr_voltage
                0x000000000002cc90       0x28
 .text.set_ddr_voltage
                0x000000000002cc90       0x28 /home/lodge/Allwinner-H616/brandy/brandy-2.0/spl-pub/board/sun50iw9p1/libsun50iw9p1_sboot.a
                0x000000000002cc90                set_ddr_voltage

.text.set_sys_voltage
                0x000000000002ccb8       0x24
 .text.set_sys_voltage
                0x000000000002ccb8       0x24 /home/lodge/Allwinner-H616/brandy/brandy-2.0/spl-pub/board/sun50iw9p1/libsun50iw9p1_sboot.a
                0x000000000002ccb8                set_sys_voltage

.text.set_pll_voltage
                0x000000000002ccdc       0x28
 .text.set_pll_voltage
                0x000000000002ccdc       0x28 /home/lodge/Allwinner-H616/brandy/brandy-2.0/spl-pub/board/sun50iw9p1/libsun50iw9p1_sboot.a
                0x000000000002ccdc                set_pll_voltage

.text.axp_init  0x000000000002cd04       0x30
 .text.axp_init
                0x000000000002cd04       0x30 /home/lodge/Allwinner-H616/brandy/brandy-2.0/spl-pub/board/sun50iw9p1/libsun50iw9p1_sboot.a
                0x000000000002cd04                axp_init

.text.get_power_mode
                0x000000000002cd34       0x10
 .text.get_power_mode
                0x000000000002cd34       0x10 /home/lodge/Allwinner-H616/brandy/brandy-2.0/spl-pub/board/sun50iw9p1/libsun50iw9p1_sboot.a
                0x000000000002cd34                get_power_mode

.text.pmu_set_vol.isra.0.part.1
                0x000000000002cd44      0x1b8
 .text.pmu_set_vol.isra.0.part.1
                0x000000000002cd44      0x1b8 /home/lodge/Allwinner-H616/brandy/brandy-2.0/spl-pub/board/sun50iw9p1/libsun50iw9p1_sboot.a

.text.axp858_set_ddr_voltage
                0x000000000002cefc       0x14
 .text.axp858_set_ddr_voltage
                0x000000000002cefc       0x14 /home/lodge/Allwinner-H616/brandy/brandy-2.0/spl-pub/board/sun50iw9p1/libsun50iw9p1_sboot.a
                0x000000000002cefc                axp858_set_ddr_voltage

.text.axp858_set_pll_voltage
                0x000000000002cf10       0x14
 .text.axp858_set_pll_voltage
                0x000000000002cf10       0x14 /home/lodge/Allwinner-H616/brandy/brandy-2.0/spl-pub/board/sun50iw9p1/libsun50iw9p1_sboot.a
                0x000000000002cf10                axp858_set_pll_voltage

.text.axp858_axp_init
                0x000000000002cf24       0x60
 .text.axp858_axp_init
                0x000000000002cf24       0x60 /home/lodge/Allwinner-H616/brandy/brandy-2.0/spl-pub/board/sun50iw9p1/libsun50iw9p1_sboot.a
                0x000000000002cf24                axp858_axp_init

.text.get_ctrl_info_from_tbl
                0x000000000002cf84       0x38
 .text.get_ctrl_info_from_tbl
                0x000000000002cf84       0x38 /home/lodge/Allwinner-H616/brandy/brandy-2.0/spl-pub/board/sun50iw9p1/libsun50iw9p1_sboot.a

.text.pmu_set_vol.isra.0
                0x000000000002cfbc      0x100
 .text.pmu_set_vol.isra.0
                0x000000000002cfbc      0x100 /home/lodge/Allwinner-H616/brandy/brandy-2.0/spl-pub/board/sun50iw9p1/libsun50iw9p1_sboot.a

.text.axp1530_set_ddr_voltage
                0x000000000002d0bc      0x10c
 .text.axp1530_set_ddr_voltage
                0x000000000002d0bc      0x10c /home/lodge/Allwinner-H616/brandy/brandy-2.0/spl-pub/board/sun50iw9p1/libsun50iw9p1_sboot.a
                0x000000000002d0bc                axp1530_set_ddr_voltage

.text.axp1530_set_pll_voltage
                0x000000000002d1c8        0xc
 .text.axp1530_set_pll_voltage
                0x000000000002d1c8        0xc /home/lodge/Allwinner-H616/brandy/brandy-2.0/spl-pub/board/sun50iw9p1/libsun50iw9p1_sboot.a
                0x000000000002d1c8                axp1530_set_pll_voltage

.text.axp1530_set_sys_voltage
                0x000000000002d1d4        0xc
 .text.axp1530_set_sys_voltage
                0x000000000002d1d4        0xc /home/lodge/Allwinner-H616/brandy/brandy-2.0/spl-pub/board/sun50iw9p1/libsun50iw9p1_sboot.a
                0x000000000002d1d4                axp1530_set_sys_voltage

.text.axp1530_axp_init
                0x000000000002d1e0       0xac
 .text.axp1530_axp_init
                0x000000000002d1e0       0xac /home/lodge/Allwinner-H616/brandy/brandy-2.0/spl-pub/board/sun50iw9p1/libsun50iw9p1_sboot.a
                0x000000000002d1e0                axp1530_axp_init

.text.axp806_set_ddr_voltage
                0x000000000002d28c       0x14
 .text.axp806_set_ddr_voltage
                0x000000000002d28c       0x14 /home/lodge/Allwinner-H616/brandy/brandy-2.0/spl-pub/board/sun50iw9p1/libsun50iw9p1_sboot.a
                0x000000000002d28c                axp806_set_ddr_voltage

.text.axp806_set_pll_voltage
                0x000000000002d2a0       0x14
 .text.axp806_set_pll_voltage
                0x000000000002d2a0       0x14 /home/lodge/Allwinner-H616/brandy/brandy-2.0/spl-pub/board/sun50iw9p1/libsun50iw9p1_sboot.a
                0x000000000002d2a0                axp806_set_pll_voltage

.text.axp806_set_sys_voltage
                0x000000000002d2b4       0x14
 .text.axp806_set_sys_voltage
                0x000000000002d2b4       0x14 /home/lodge/Allwinner-H616/brandy/brandy-2.0/spl-pub/board/sun50iw9p1/libsun50iw9p1_sboot.a
                0x000000000002d2b4                axp806_set_sys_voltage

.text.axp806_axp_init
                0x000000000002d2c8       0x80
 .text.axp806_axp_init
                0x000000000002d2c8       0x80 /home/lodge/Allwinner-H616/brandy/brandy-2.0/spl-pub/board/sun50iw9p1/libsun50iw9p1_sboot.a
                0x000000000002d2c8                axp806_axp_init

.text.__aw_endian4
                0x000000000002d348        0x4
 .text.__aw_endian4
                0x000000000002d348        0x4 /home/lodge/Allwinner-H616/brandy/brandy-2.0/spl-pub/board/sun50iw9p1/libsun50iw9p1_sboot.a

.text.__rsa_padding
                0x000000000002d34c       0x2a
 .text.__rsa_padding
                0x000000000002d34c       0x2a /home/lodge/Allwinner-H616/brandy/brandy-2.0/spl-pub/board/sun50iw9p1/libsun50iw9p1_sboot.a

.text.sunxi_ce_open
                0x000000000002d378       0x34
 .text.sunxi_ce_open
                0x000000000002d378       0x34 /home/lodge/Allwinner-H616/brandy/brandy-2.0/spl-pub/board/sun50iw9p1/libsun50iw9p1_sboot.a
                0x000000000002d378                sunxi_ce_open

.text.ss_get_ver
                0x000000000002d3ac       0x10
 .text.ss_get_ver
                0x000000000002d3ac       0x10 /home/lodge/Allwinner-H616/brandy/brandy-2.0/spl-pub/board/sun50iw9p1/libsun50iw9p1_sboot.a
                0x000000000002d3ac                ss_get_ver

.text.ss_set_drq
                0x000000000002d3bc        0xc
 .text.ss_set_drq
                0x000000000002d3bc        0xc /home/lodge/Allwinner-H616/brandy/brandy-2.0/spl-pub/board/sun50iw9p1/libsun50iw9p1_sboot.a
                0x000000000002d3bc                ss_set_drq

.text.ss_ctrl_start
                0x000000000002d3c8       0x20
 .text.ss_ctrl_start
                0x000000000002d3c8       0x20 /home/lodge/Allwinner-H616/brandy/brandy-2.0/spl-pub/board/sun50iw9p1/libsun50iw9p1_sboot.a
                0x000000000002d3c8                ss_ctrl_start

.text.ss_ctrl_stop
                0x000000000002d3e8        0xc
 .text.ss_ctrl_stop
                0x000000000002d3e8        0xc /home/lodge/Allwinner-H616/brandy/brandy-2.0/spl-pub/board/sun50iw9p1/libsun50iw9p1_sboot.a
                0x000000000002d3e8                ss_ctrl_stop

.text.ss_wait_finish
                0x000000000002d3f4       0x24
 .text.ss_wait_finish
                0x000000000002d3f4       0x24 /home/lodge/Allwinner-H616/brandy/brandy-2.0/spl-pub/board/sun50iw9p1/libsun50iw9p1_sboot.a
                0x000000000002d3f4                ss_wait_finish

.text.ss_pending_clear
                0x000000000002d418       0x20
 .text.ss_pending_clear
                0x000000000002d418       0x20 /home/lodge/Allwinner-H616/brandy/brandy-2.0/spl-pub/board/sun50iw9p1/libsun50iw9p1_sboot.a
                0x000000000002d418                ss_pending_clear

.text.ss_irq_enable
                0x000000000002d438       0x14
 .text.ss_irq_enable
                0x000000000002d438       0x14 /home/lodge/Allwinner-H616/brandy/brandy-2.0/spl-pub/board/sun50iw9p1/libsun50iw9p1_sboot.a
                0x000000000002d438                ss_irq_enable

.text.ss_irq_disable
                0x000000000002d44c       0x18
 .text.ss_irq_disable
                0x000000000002d44c       0x18 /home/lodge/Allwinner-H616/brandy/brandy-2.0/spl-pub/board/sun50iw9p1/libsun50iw9p1_sboot.a
                0x000000000002d44c                ss_irq_disable

.text.ss_check_err
                0x000000000002d464        0xc
 .text.ss_check_err
                0x000000000002d464        0xc /home/lodge/Allwinner-H616/brandy/brandy-2.0/spl-pub/board/sun50iw9p1/libsun50iw9p1_sboot.a
                0x000000000002d464                ss_check_err

.text.sunxi_sha_calc
                0x000000000002d470      0x1e8
 .text.sunxi_sha_calc
                0x000000000002d470      0x1e8 /home/lodge/Allwinner-H616/brandy/brandy-2.0/spl-pub/board/sun50iw9p1/libsun50iw9p1_sboot.a
                0x000000000002d470                sunxi_sha_calc

.text.sunxi_rsa_calc
                0x000000000002d658      0x144
 .text.sunxi_rsa_calc
                0x000000000002d658      0x144 /home/lodge/Allwinner-H616/brandy/brandy-2.0/spl-pub/board/sun50iw9p1/libsun50iw9p1_sboot.a
                0x000000000002d658                sunxi_rsa_calc

.text.sunxi_trng_gen
                0x000000000002d79c       0xc8
 .text.sunxi_trng_gen
                0x000000000002d79c       0xc8 /home/lodge/Allwinner-H616/brandy/brandy-2.0/spl-pub/board/sun50iw9p1/libsun50iw9p1_sboot.a
                0x000000000002d79c                sunxi_trng_gen

.text.sunxi_smc_config
                0x000000000002d864       0xa8
 .text.sunxi_smc_config
                0x000000000002d864       0xa8 /home/lodge/Allwinner-H616/brandy/brandy-2.0/spl-pub/board/sun50iw9p1/libsun50iw9p1_sboot.a
                0x000000000002d864                sunxi_smc_config

.text.sunxi_smc_resume
                0x000000000002d90c       0x3e
 .text.sunxi_smc_resume
                0x000000000002d90c       0x3e /home/lodge/Allwinner-H616/brandy/brandy-2.0/spl-pub/board/sun50iw9p1/libsun50iw9p1_sboot.a
                0x000000000002d90c                sunxi_smc_resume

.text.sunxi_drm_config
                0x000000000002d94c       0x64
 .text.sunxi_drm_config
                0x000000000002d94c       0x64 /home/lodge/Allwinner-H616/brandy/brandy-2.0/spl-pub/board/sun50iw9p1/libsun50iw9p1_sboot.a
                0x000000000002d94c                sunxi_drm_config

.text.sid_sram_read
                0x000000000002d9b0        0xc
 .text.sid_sram_read
                0x000000000002d9b0        0xc /home/lodge/Allwinner-H616/brandy/brandy-2.0/spl-pub/board/sun50iw9p1/libsun50iw9p1_sboot.a
                0x000000000002d9b0                sid_sram_read

.text.sid_read_key
                0x000000000002d9bc       0x4c
 .text.sid_read_key
                0x000000000002d9bc       0x4c /home/lodge/Allwinner-H616/brandy/brandy-2.0/spl-pub/board/sun50iw9p1/libsun50iw9p1_sboot.a
                0x000000000002d9bc                sid_read_key

.text.sid_program_key
                0x000000000002da08       0x64
 .text.sid_program_key
                0x000000000002da08       0x64 /home/lodge/Allwinner-H616/brandy/brandy-2.0/spl-pub/board/sun50iw9p1/libsun50iw9p1_sboot.a
                0x000000000002da08                sid_program_key

.text.sid_read_rotpk
                0x000000000002da6c       0x18
 .text.sid_read_rotpk
                0x000000000002da6c       0x18 /home/lodge/Allwinner-H616/brandy/brandy-2.0/spl-pub/board/sun50iw9p1/libsun50iw9p1_sboot.a
                0x000000000002da6c                sid_read_rotpk

.text.OPENSSL_cleanse
                0x000000000002da84       0x34
 .text.OPENSSL_cleanse
                0x000000000002da84       0x34 /home/lodge/Allwinner-H616/brandy/brandy-2.0/spl-pub/board/sun50iw9p1/libsun50iw9p1_sboot.a
                0x000000000002da84                OPENSSL_cleanse

.text.CRYPTO_malloc
                0x000000000002dab8        0xc
 .text.CRYPTO_malloc